Component: ARM Compiler 5.06 update 7 (build 960) Tool: armlink [4d3601]

==============================================================================

Section Cross References

    main.o(i.Application_Layer) refers to delay.o(i.delay_us) for delay_us
    main.o(i.Application_Layer) refers to main.o(.bss) for .bss
    main.o(i.Application_Layer) refers to delay.o(i.delay_ms) for delay_ms
    main.o(i.Application_Layer) refers to led.o(i.LED_OnOff) for LED_OnOff
    main.o(i.Application_Layer) refers to finger.o(i.Finger_Power_OnOff) for Finger_Power_OnOff
    main.o(i.Application_Layer) refers to finger.o(i.Finger_Show_Play) for Finger_Show_Play
    main.o(i.Application_Layer) refers to voice.o(i.WTN6_Play) for WTN6_Play
    main.o(i.Application_Layer) refers to oled.o(i.OLED_Show_Play) for OLED_Show_Play
    main.o(i.Application_Layer) refers to power.o(i.Get_Power_Value) for Get_Power_Value
    main.o(i.Application_Layer) refers to motor.o(i.Motor_OpenClose) for Motor_OpenClose
    main.o(i.Application_Layer) refers to flash.o(i.FLASH_ReadPlay) for FLASH_ReadPlay
    main.o(i.Application_Layer) refers to flash.o(i.FLASH_WritePlay) for FLASH_WritePlay
    main.o(i.Application_Layer) refers to rtc.o(i.RTC_GET_Time) for RTC_GET_Time
    main.o(i.Compare_NFC) refers to flash.o(.bss) for flash_list
    main.o(i.Compare_PWD) refers to printf5.o(i.__0printf$5) for __2printf
    main.o(i.Compare_PWD) refers to main.o(i.Encryption_PWD) for Encryption_PWD
    main.o(i.Compare_PWD) refers to flash.o(.bss) for flash_list
    main.o(i.Compare_PWD) refers to main.o(.bss) for .bss
    main.o(i.DATA_Layer_Init) refers to memseta.o(.text) for __aeabi_memclr
    main.o(i.DATA_Layer_Init) refers to main.o(.bss) for .bss
    main.o(i.DATA_Layer_Init) refers to finger.o(.bss) for finger_state
    main.o(i.Encry_TemPwd) refers to uidiv.o(.text) for __aeabi_uidivmod
    main.o(i.Encry_TemPwd) refers to printf5.o(i.__0printf$5) for __2printf
    main.o(i.Encry_TemPwd) refers to flash.o(.bss) for flash_list
    main.o(i.Encryption_NFC) refers to memseta.o(.text) for __aeabi_memclr
    main.o(i.Encryption_NFC) refers to printf5.o(i.__0printf$5) for __2printf
    main.o(i.Encryption_PWD) refers to memseta.o(.text) for __aeabi_memclr
    main.o(i.Encryption_PWD) refers to printf5.o(i.__0printf$5) for __2printf
    main.o(i.Find_SameNFC) refers to printf5.o(i.__0printf$5) for __2printf
    main.o(i.Find_SameNFC) refers to flash.o(.bss) for flash_list
    main.o(i.Find_SamePWD) refers to printf5.o(i.__0printf$5) for __2printf
    main.o(i.Find_SamePWD) refers to flash.o(.bss) for flash_list
    main.o(i.Initialization_Layer) refers to finger.o(i.Finger_Uart2_Init) for Finger_Uart2_Init
    main.o(i.Initialization_Layer) refers to main.o(.bss) for .bss
    main.o(i.Initialization_Layer) refers to delay.o(i.delay_init) for delay_init
    main.o(i.Initialization_Layer) refers to led.o(i.LED_Init) for LED_Init
    main.o(i.Initialization_Layer) refers to finger.o(i.Finger_Power_Init) for Finger_Power_Init
    main.o(i.Initialization_Layer) refers to finger.o(i.Finger_Inter_Init) for Finger_Inter_Init
    main.o(i.Initialization_Layer) refers to voice.o(i.WTN6_Gpio_Init) for WTN6_Gpio_Init
    main.o(i.Initialization_Layer) refers to oled.o(i.OLED_Init) for OLED_Init
    main.o(i.Initialization_Layer) refers to power.o(i.MX_ADC_Init) for MX_ADC_Init
    main.o(i.Initialization_Layer) refers to motor.o(i.Motor_Init) for Motor_Init
    main.o(i.Initialization_Layer) refers to touch.o(i.Touch_Init) for Touch_Init
    main.o(i.Initialization_Layer) refers to flash.o(i.Flash_Init) for Flash_Init
    main.o(i.Initialization_Layer) refers to rtc.o(i.MX_RTC_Init) for MX_RTC_Init
    main.o(i.Initialization_Layer) refers to tim.o(i.MX_TIM3_Init) for MX_TIM3_Init
    main.o(i.Initialization_Layer) refers to wifiinit.o(i.WIFI_Init) for WIFI_Init
    main.o(i.SystemClock_Config) refers to memseta.o(.text) for __aeabi_memclr4
    main.o(i.SystemClock_Config) refers to stm32f0xx_hal_pwr.o(i.HAL_PWR_EnableBkUpAccess) for HAL_PWR_EnableBkUpAccess
    main.o(i.SystemClock_Config) refers to stm32f0xx_hal_rcc.o(i.HAL_RCC_OscConfig) for HAL_RCC_OscConfig
    main.o(i.SystemClock_Config) refers to stm32f0xx_hal_rcc.o(i.HAL_RCC_ClockConfig) for HAL_RCC_ClockConfig
    main.o(i.SystemClock_Config) refers to stm32f0xx_hal_rcc_ex.o(i.HAL_RCCEx_PeriphCLKConfig) for HAL_RCCEx_PeriphCLKConfig
    main.o(i.Verity_TemPwd) refers to uidiv.o(.text) for __aeabi_uidivmod
    main.o(i.Verity_TemPwd) refers to printf5.o(i.__0printf$5) for __2printf
    main.o(i.encrytime_func) refers to uidiv.o(.text) for __aeabi_uidivmod
    main.o(i.encrytime_func) refers to printf5.o(i.__0printf$5) for __2printf
    main.o(i.main) refers to stm32f0xx_hal.o(i.HAL_Init) for HAL_Init
    main.o(i.main) refers to main.o(i.SystemClock_Config) for SystemClock_Config
    main.o(i.main) refers to main.o(i.Initialization_Layer) for Initialization_Layer
[...]
    __decompress                             0x08000275   Thumb Code     0  __dczerorl2.o(.text)
    __decompress1                            0x08000275   Thumb Code    86  __dczerorl2.o(.text)
    Add_TyteA_Card                           0x08000409   Thumb Code     8  type_a.o(i.Add_TyteA_Card)
    Add_TyteB_Card                           0x08000411   Thumb Code     8  type_b.o(i.Add_TyteB_Card)
    Application_Layer                        0x08000419   Thumb Code    52  main.o(i.Application_Layer)
    BeiJTime_To_GelinUTC                     0x08000481   Thumb Code   160  rtc.o(i.BeiJTime_To_GelinUTC)
    CD_CfgTPD                                0x08000541   Thumb Code    46  fm175xx.o(i.CD_CfgTPD)
    CD_ClrTPD                                0x08000579   Thumb Code    16  fm175xx.o(i.CD_ClrTPD)
    CD_SetTPD                                0x0800058d   Thumb Code    14  fm175xx.o(i.CD_SetTPD)
    Clear_BitMask                            0x080005a1   Thumb Code    22  fm175xx.o(i.Clear_BitMask)
    Clear_FIFO                               0x080005b7   Thumb Code    28  fm175xx.o(i.Clear_FIFO)
    CollSaveUID                              0x080005d3   Thumb Code   132  type_a.o(i.CollSaveUID)
    Compare_NFC                              0x08000659   Thumb Code    64  main.o(i.Compare_NFC)
    Compare_PWD                              0x0800069d   Thumb Code   214  main.o(i.Compare_PWD)
    Compare_TemPwd                           0x080007d1   Thumb Code    32  main.o(i.Compare_TemPwd)
    DATA_Layer_Init                          0x080007f1   Thumb Code   134  main.o(i.DATA_Layer_Init)
    EXTI0_1_IRQHandler                       0x080008a5   Thumb Code    52  stm32f0xx_it.o(i.EXTI0_1_IRQHandler)
    EXTI4_15_IRQHandler                      0x080008e1   Thumb Code    76  stm32f0xx_it.o(i.EXTI4_15_IRQHandler)
    Encry_TemPwd                             0x08000935   Thumb Code   128  main.o(i.Encry_TemPwd)
    Encryption_NFC                           0x080009d5   Thumb Code    84  main.o(i.Encryption_NFC)
    Encryption_PWD                           0x08000a45   Thumb Code    90  main.o(i.Encryption_PWD)
    Error_Handler                            0x08000abd   Thumb Code     2  main.o(i.Error_Handler)
    FLASH_PageErase                          0x08000ae5   Thumb Code    28  stm32f0xx_hal_flash_ex.o(i.FLASH_PageErase)
    FLASH_ReadPlay                           0x08000b29   Thumb Code    32  flash.o(i.FLASH_ReadPlay)
    FLASH_WaitForLastOperation               0x08000b89   Thumb Code    76  stm32f0xx_hal_flash.o(i.FLASH_WaitForLastOperation)
    FLASH_WritePlay                          0x08000bd9   Thumb Code    32  flash.o(i.FLASH_WritePlay)
    FM175XX_HPD                              0x08000c01   Thumb Code   150  fm175xx.o(i.FM175XX_HPD)
    FM175XX_HardReset                        0x08000c97   Thumb Code    40  bsp_spinfc.o(i.FM175XX_HardReset)
    FM175X_SoftReset                         0x08000cbf   Thumb Code    20  fm175xx.o(i.FM175X_SoftReset)
    Find_SameNFC                             0x08000cd5   Thumb Code    68  main.o(i.Find_SameNFC)
    Find_SamePWD                             0x08000d29   Thumb Code    70  main.o(i.Find_SamePWD)
    Finger_Break_Cmd                         0x08000d81   Thumb Code    24  finger.o(i.Finger_Break_Cmd)
    Finger_Delete                            0x08000d99   Thumb Code    52  finger.o(i.Finger_Delete)
    Finger_Factory                           0x08000dd1   Thumb Code    46  finger.o(i.Finger_Factory)
    Finger_Input_Data                        0x08000e05   Thumb Code    28  finger.o(i.Finger_Input_Data)
    Finger_Inter_Init                        0x08000e29   Thumb Code    66  finger.o(i.Finger_Inter_Init)
    Finger_OutPut_Data                       0x08000e75   Thumb Code    32  finger.o(i.Finger_OutPut_Data)
    Finger_Power_Init                        0x08000e9d   Thumb Code    50  finger.o(i.Finger_Power_Init)
    Finger_Power_OnOff                       0x08000ed5   Thumb Code    70  finger.o(i.Finger_Power_OnOff)
    Finger_Recevie_Service                   0x08000f41   Thumb Code   102  finger.o(i.Finger_Recevie_Service)
    Finger_Send_1vN                          0x08000ffd   Thumb Code    24  finger.o(i.Finger_Send_1vN)
    Finger_Send_Add_Figner                   0x08001015   Thumb Code    66  finger.o(i.Finger_Send_Add_Figner)
    Finger_Send_CMD                          0x08001061   Thumb Code    92  finger.o(i.Finger_Send_CMD)
    Finger_Send_Connect                      0x080010c1   Thumb Code    56  finger.o(i.Finger_Send_Connect)
    Finger_Show_Play                         0x0800110d   Thumb Code    76  finger.o(i.Finger_Show_Play)
    Finger_Uart2_Init                        0x08001159   Thumb Code    78  finger.o(i.Finger_Uart2_Init)
    Flash_Init                               0x080011b5   Thumb Code   104  flash.o(i.Flash_Init)
    Flash_ReadData                           0x08001225   Thumb Code    30  flash.o(i.Flash_ReadData)
    Flash_WriteData                          0x08001245   Thumb Code    98  flash.o(i.Flash_WriteData)
    GetReg                                   0x080012b5   Thumb Code    12  fm175xx.o(i.GetReg)
    GetReg_Ext                               0x080012c1   Thumb Code    46  lpcd_regctrl.o(i.GetReg_Ext)
    Get_Power_Value                          0x080012f1   Thumb Code    72  power.o(i.Get_Power_Value)
    Get_Wifi_Risi                            0x0800134d   Thumb Code    32  protocol.o(i.Get_Wifi_Risi)
    HAL_ADC_ConfigChannel                    0x08001395   Thumb Code   254  stm32f0xx_hal_adc.o(i.HAL_ADC_ConfigChannel)
    HAL_ADC_DeInit                           0x080014a5   Thumb Code   148  stm32f0xx_hal_adc.o(i.HAL_ADC_DeInit)
    HAL_ADC_GetState                         0x08001545   Thumb Code     4  stm32f0xx_hal_adc.o(i.HAL_ADC_GetState)
    HAL_ADC_GetValue                         0x08001549   Thumb Code     6  stm32f0xx_hal_adc.o(i.HAL_ADC_GetValue)
    HAL_ADC_Init                             0x08001551   Thumb Code   364  stm32f0xx_hal_adc.o(i.HAL_ADC_Init)
    HAL_ADC_MspDeInit                        0x080016c5   Thumb Code    40  stm32f0xx_hal_msp.o(i.HAL_ADC_MspDeInit)
    HAL_ADC_MspInit                          0x080016f5   Thumb Code    84  stm32f0xx_hal_msp.o(i.HAL_ADC_MspInit)
    HAL_ADC_PollForConversion                0x08001761   Thumb Code   190  stm32f0xx_hal_adc.o(i.HAL_ADC_PollForConversion)
    HAL_ADC_Start                            0x08001821   Thumb Code    86  stm32f0xx_hal_adc.o(i.HAL_ADC_Start)
    HAL_ADC_Stop                             0x0800187d   Thumb Code    62  stm32f0xx_hal_adc.o(i.HAL_ADC_Stop)
    HAL_DMA_Abort_IT                         0x080018bb   Thumb Code    72  stm32f0xx_hal_dma.o(i.HAL_DMA_Abort_IT)
    HAL_DMA_DeInit                           0x08001903   Thumb Code    66  stm32f0xx_hal_dma.o(i.HAL_DMA_DeInit)
    HAL_FLASHEx_Erase                        0x08001945   Thumb Code   148  stm32f0xx_hal_flash_ex.o(i.HAL_FLASHEx_Erase)
    HAL_FLASH_Lock                           0x080019e5   Thumb Code    14  stm32f0xx_hal_flash.o(i.HAL_FLASH_Lock)
    HAL_FLASH_Program                        0x080019f9   Thumb Code   110  stm32f0xx_hal_flash.o(i.HAL_FLASH_Program)
    HAL_FLASH_Unlock                         0x08001a75   Thumb Code    28  stm32f0xx_hal_flash.o(i.HAL_FLASH_Unlock)
    HAL_GPIO_DeInit                          0x08001a9d   Thumb Code   192  stm32f0xx_hal_gpio.o(i.HAL_GPIO_DeInit)
    HAL_GPIO_EXTI_Callback                   0x08001b71   Thumb Code   218  stm32f0xx_it.o(i.HAL_GPIO_EXTI_Callback)
    HAL_GPIO_Init                            0x08001cad   Thumb Code   302  stm32f0xx_hal_gpio.o(i.HAL_GPIO_Init)
    HAL_GPIO_ReadPin                         0x08001df5   Thumb Code    10  stm32f0xx_hal_gpio.o(i.HAL_GPIO_ReadPin)
    HAL_GPIO_WritePin                        0x08001dff   Thumb Code    12  stm32f0xx_hal_gpio.o(i.HAL_GPIO_WritePin)
    HAL_GetTick                              0x08001e0d   Thumb Code     6  stm32f0xx_hal.o(i.HAL_GetTick)
    HAL_I2CEx_ConfigAnalogFilter             0x08001e19   Thumb Code    74  stm32f0xx_hal_i2c_ex.o(i.HAL_I2CEx_ConfigAnalogFilter)
    HAL_I2CEx_ConfigDigitalFilter            0x08001e63   Thumb Code    72  stm32f0xx_hal_i2c_ex.o(i.HAL_I2CEx_ConfigDigitalFilter)
    HAL_I2C_DeInit                           0x08001eab   Thumb Code    52  stm32f0xx_hal_i2c.o(i.HAL_I2C_DeInit)
    HAL_I2C_Init                             0x08001ee1   Thumb Code   176  stm32f0xx_hal_i2c.o(i.HAL_I2C_Init)
    HAL_I2C_Master_Receive                   0x08001f95   Thumb Code   274  stm32f0xx_hal_i2c.o(i.HAL_I2C_Master_Receive)
    HAL_I2C_Master_Transmit                  0x080020ad   Thumb Code   274  stm32f0xx_hal_i2c.o(i.HAL_I2C_Master_Transmit)
    HAL_I2C_Mem_Write                        0x080021c5   Thumb Code   334  stm32f0xx_hal_i2c.o(i.HAL_I2C_Mem_Write)
    HAL_I2C_MspDeInit                        0x08002319   Thumb Code     2  stm32f0xx_hal_i2c.o(i.HAL_I2C_MspDeInit)
    HAL_I2C_MspInit                          0x0800231d   Thumb Code    92  stm32f0xx_hal_msp.o(i.HAL_I2C_MspInit)
    HAL_IncTick                              0x08002395   Thumb Code    10  stm32f0xx_hal.o(i.HAL_IncTick)
    HAL_Init                                 0x080023a5   Thumb Code    26  stm32f0xx_hal.o(i.HAL_Init)
    HAL_InitTick                             0x080023c5   Thumb Code    34  stm32f0xx_hal.o(i.HAL_InitTick)
    HAL_MspInit                              0x080023e9   Thumb Code    34  stm32f0xx_hal_msp.o(i.HAL_MspInit)
    HAL_NVIC_DisableIRQ                      0x08002411   Thumb Code    14  stm32f0xx_hal_cortex.o(i.HAL_NVIC_DisableIRQ)
    HAL_NVIC_EnableIRQ                       0x08002425   Thumb Code    14  stm32f0xx_hal_cortex.o(i.HAL_NVIC_EnableIRQ)
    HAL_NVIC_SetPriority                     0x08002439   Thumb Code     8  stm32f0xx_hal_cortex.o(i.HAL_NVIC_SetPriority)
    HAL_PWR_EnableBkUpAccess                 0x08002441   Thumb Code    12  stm32f0xx_hal_pwr.o(i.HAL_PWR_EnableBkUpAccess)
    HAL_PWR_EnterSTOPMode                    0x08002451   Thumb Code    44  stm32f0xx_hal_pwr.o(i.HAL_PWR_EnterSTOPMode)
    HAL_RCCEx_PeriphCLKConfig                0x08002485   Thumb Code   218  stm32f0xx_hal_rcc_ex.o(i.HAL_RCCEx_PeriphCLKConfig)
    HAL_RCC_ClockConfig                      0x0800256d   Thumb Code   280  stm32f0xx_hal_rcc.o(i.HAL_RCC_ClockConfig)
    HAL_RCC_GetHCLKFreq                      0x08002699   Thumb Code     6  stm32f0xx_hal_rcc.o(i.HAL_RCC_GetHCLKFreq)
    HAL_RCC_GetPCLK1Freq                     0x080026a5   Thumb Code    20  stm32f0xx_hal_rcc.o(i.HAL_RCC_GetPCLK1Freq)
    HAL_RCC_GetSysClockFreq                  0x080026c5   Thumb Code    76  stm32f0xx_hal_rcc.o(i.HAL_RCC_GetSysClockFreq)
    HAL_RCC_OscConfig                        0x0800273d   Thumb Code   840  stm32f0xx_hal_rcc.o(i.HAL_RCC_OscConfig)
    HAL_RTC_GetDate                          0x08002a91   Thumb Code    68  stm32f0xx_hal_rtc.o(i.HAL_RTC_GetDate)
    HAL_RTC_GetTime                          0x08002ad5   Thumb Code    88  stm32f0xx_hal_rtc.o(i.HAL_RTC_GetTime)
    HAL_RTC_Init                             0x08002b31   Thumb Code   174  stm32f0xx_hal_rtc.o(i.HAL_RTC_Init)
    HAL_RTC_MspInit                          0x08002be5   Thumb Code    30  stm32f0xx_hal_msp.o(i.HAL_RTC_MspInit)
    HAL_RTC_SetDate                          0x08002c1d   Thumb Code   194  stm32f0xx_hal_rtc.o(i.HAL_RTC_SetDate)
    HAL_RTC_SetTime                          0x08002ce5   Thumb Code   222  stm32f0xx_hal_rtc.o(i.HAL_RTC_SetTime)
    HAL_RTC_WaitForSynchro                   0x08002dc9   Thumb Code    52  stm32f0xx_hal_rtc.o(i.HAL_RTC_WaitForSynchro)
    HAL_SPI_Init                             0x08002dfd   Thumb Code   184  stm32f0xx_hal_spi.o(i.HAL_SPI_Init)
    HAL_SPI_MspInit                          0x08002eb5   Thumb Code   146  stm32f0xx_hal_msp.o(i.HAL_SPI_MspInit)
    HAL_SPI_TransmitReceive                  0x08002f65   Thumb Code   584  stm32f0xx_hal_spi.o(i.HAL_SPI_TransmitReceive)
    HAL_SYSTICK_CLKSourceConfig              0x080031ad   Thumb Code    20  stm32f0xx_hal_cortex.o(i.HAL_SYSTICK_CLKSourceConfig)
    HAL_SYSTICK_Config                       0x080031c5   Thumb Code    38  stm32f0xx_hal_cortex.o(i.HAL_SYSTICK_Config)
    HAL_TIMEx_BreakCallback                  0x080031f5   Thumb Code     2  stm32f0xx_hal_tim_ex.o(i.HAL_TIMEx_BreakCallback)
    HAL_TIMEx_CommutationCallback            0x080031f7   Thumb Code     2  stm32f0xx_hal_tim_ex.o(i.HAL_TIMEx_CommutationCallback)
    HAL_TIMEx_MasterConfigSynchronization    0x080031f9   Thumb Code    72  stm32f0xx_hal_tim_ex.o(i.HAL_TIMEx_MasterConfigSynchronization)
    HAL_TIM_Base_DeInit                      0x08003241   Thumb Code    48  stm32f0xx_hal_tim.o(i.HAL_TIM_Base_DeInit)
    HAL_TIM_Base_Init                        0x08003275   Thumb Code    52  stm32f0xx_hal_tim.o(i.HAL_TIM_Base_Init)
    HAL_TIM_Base_MspDeInit                   0x080032a9   Thumb Code    28  stm32f0xx_hal_msp.o(i.HAL_TIM_Base_MspDeInit)
    HAL_TIM_Base_MspInit                     0x080032cd   Thumb Code    58  stm32f0xx_hal_msp.o(i.HAL_TIM_Base_MspInit)
    HAL_TIM_Base_Start_IT                    0x08003329   Thumb Code    22  stm32f0xx_hal_tim.o(i.HAL_TIM_Base_Start_IT)
    HAL_TIM_Base_Stop_IT                     0x08003341   Thumb Code    40  stm32f0xx_hal_tim.o(i.HAL_TIM_Base_Stop_IT)
    HAL_TIM_ConfigClockSource                0x0800336d   Thumb Code   238  stm32f0xx_hal_tim.o(i.HAL_TIM_ConfigClockSource)
    HAL_TIM_IC_CaptureCallback               0x0800345b   Thumb Code     2  stm32f0xx_hal_tim.o(i.HAL_TIM_IC_CaptureCallback)
    HAL_TIM_IRQHandler                       0x0800345d   Thumb Code   354  stm32f0xx_hal_tim.o(i.HAL_TIM_IRQHandler)
    HAL_TIM_OC_DelayElapsedCallback          0x080035bf   Thumb Code     2  stm32f0xx_hal_tim.o(i.HAL_TIM_OC_DelayElapsedCallback)
    HAL_TIM_PWM_PulseFinishedCallback        0x080035c1   Thumb Code     2  stm32f0xx_hal_tim.o(i.HAL_TIM_PWM_PulseFinishedCallback)
    HAL_TIM_PeriodElapsedCallback            0x080035c5   Thumb Code   154  stm32f0xx_it.o(i.HAL_TIM_PeriodElapsedCallback)
    HAL_TIM_TriggerCallback                  0x080036e1   Thumb Code     2  stm32f0xx_hal_tim.o(i.HAL_TIM_TriggerCallback)
    HAL_UART_DeInit                          0x080036e3   Thumb Code    62  stm32f0xx_hal_uart.o(i.HAL_UART_DeInit)
    HAL_UART_ErrorCallback                   0x08003721   Thumb Code    86  stm32f0xx_it.o(i.HAL_UART_ErrorCallback)
    HAL_UART_IRQHandler                      0x080037b5   Thumb Code   272  stm32f0xx_hal_uart.o(i.HAL_UART_IRQHandler)
    HAL_UART_Init                            0x080038c9   Thumb Code   108  stm32f0xx_hal_uart.o(i.HAL_UART_Init)
    HAL_UART_MspDeInit                       0x08003935   Thumb Code    68  stm32f0xx_hal_msp.o(i.HAL_UART_MspDeInit)
    HAL_UART_MspInit                         0x08003985   Thumb Code   178  stm32f0xx_hal_msp.o(i.HAL_UART_MspInit)
    HAL_UART_Receive_IT                      0x08003a59   Thumb Code   132  stm32f0xx_hal_uart.o(i.HAL_UART_Receive_IT)
    HAL_UART_RxCpltCallback                  0x08003ae1   Thumb Code   122  stm32f0xx_it.o(i.HAL_UART_RxCpltCallback)
    HAL_UART_Transmit                        0x08003b8d   Thumb Code   200  stm32f0xx_hal_uart.o(i.HAL_UART_Transmit)
    HAL_UART_TxCpltCallback                  0x08003c55   Thumb Code     2  stm32f0xx_hal_uart.o(i.HAL_UART_TxCpltCallback)
    HardFault_Handler                        0x08003c59   Thumb Code    10  stm32f0xx_it.o(i.HardFault_Handler)
    INDoor_Reset_Init                        0x08003f09   Thumb Code    62  sys.o(i.INDoor_Reset_Init)
    Initialization_Layer                     0x08003f55   Thumb Code   114  main.o(i.Initialization_Layer)
    LED_Init                                 0x08004005   Thumb Code    48  led.o(i.LED_Init)
    LED_OnOff                                0x0800403d   Thumb Code    28  led.o(i.LED_OnOff)
    LeftMoveBit                              0x0800405d   Thumb Code    24  type_a.o(i.LeftMoveBit)
    Low_Power_Gpio                           0x08004075   Thumb Code   226  sys.o(i.Low_Power_Gpio)
    Lpcd_Calibrate_Driver                    0x08004171   Thumb Code   186  lpcd_api.o(i.Lpcd_Calibrate_Driver)
    Lpcd_Calibrate_Reference                 0x08004241   Thumb Code    84  lpcd_api.o(i.Lpcd_Calibrate_Reference)
    Lpcd_Calibration_Backup                  0x0800429d   Thumb Code    16  lpcd_api.o(i.Lpcd_Calibration_Backup)
    Lpcd_Calibration_Event                   0x080042b1   Thumb Code    44  lpcd_api.o(i.Lpcd_Calibration_Event)
    Lpcd_Calibration_Restore                 0x080042dd   Thumb Code    16  lpcd_api.o(i.Lpcd_Calibration_Restore)
    Lpcd_Card_Event                          0x080042f1   Thumb Code    38  lpcd_api.o(i.Lpcd_Card_Event)
    Lpcd_Get_Calibration_Value               0x08004339   Thumb Code    68  lpcd_api.o(i.Lpcd_Get_Calibration_Value)
    Lpcd_Get_IRQ                             0x0800437d   Thumb Code    30  lpcd_api.o(i.Lpcd_Get_IRQ)
    Lpcd_Get_Value                           0x080043a1   Thumb Code    46  lpcd_api.o(i.Lpcd_Get_Value)
    Lpcd_IRQ_Event                           0x080043d1   Thumb Code    62  lpcd_api.o(i.Lpcd_IRQ_Event)
    Lpcd_Init_Register                       0x08004419   Thumb Code    42  lpcd_api.o(i.Lpcd_Init_Register)
    Lpcd_Reset_Status                        0x08004443   Thumb Code    22  lpcd_api.o(i.Lpcd_Reset_Status)
    Lpcd_Set_Aux                             0x08004459   Thumb Code   134  lpcd_api.o(i.Lpcd_Set_Aux)
    Lpcd_Set_Driver                          0x080044df   Thumb Code    92  lpcd_api.o(i.Lpcd_Set_Driver)
    Lpcd_Set_Gain                            0x0800453b   Thumb Code    16  lpcd_api.o(i.Lpcd_Set_Gain)
    Lpcd_Set_IE                              0x0800454b   Thumb Code    22  lpcd_api.o(i.Lpcd_Set_IE)
    Lpcd_Set_IRQ_pin                         0x08004561   Thumb Code    20  lpcd_api.o(i.Lpcd_Set_IRQ_pin)
    Lpcd_Set_Mode                            0x08004575   Thumb Code    46  lpcd_api.o(i.Lpcd_Set_Mode)
    Lpcd_Set_Reference                       0x080045a3   Thumb Code    38  lpcd_api.o(i.Lpcd_Set_Reference)
    Lpcd_Set_Threshold                       0x080045c9   Thumb Code    54  lpcd_api.o(i.Lpcd_Set_Threshold)
    Lpcd_Set_Timer                           0x08004601   Thumb Code    72  lpcd_api.o(i.Lpcd_Set_Timer)
    Lpcd_WaitFor_Irq                         0x0800464d   Thumb Code    52  lpcd_api.o(i.Lpcd_WaitFor_Irq)
    MCU_TO_PCD_TEST                          0x08004681   Thumb Code    66  fm175xx.o(i.MCU_TO_PCD_TEST)
    MX_ADC_DeInit                            0x080046c5   Thumb Code    16  power.o(i.MX_ADC_DeInit)
    MX_ADC_Init                              0x080046d9   Thumb Code    92  power.o(i.MX_ADC_Init)
    MX_I2C1_Init                             0x0800473d   Thumb Code    76  touch.o(i.MX_I2C1_Init)
    MX_RTC_GetHms                            0x08004795   Thumb Code    22  rtc.o(i.MX_RTC_GetHms)
    MX_RTC_GetYmd                            0x080047b1   Thumb Code    20  rtc.o(i.MX_RTC_GetYmd)
    MX_RTC_Init                              0x080047cd   Thumb Code    40  rtc.o(i.MX_RTC_Init)
    MX_SPINfc_Init                           0x080047fd   Thumb Code    94  bsp_spinfc.o(i.MX_SPINfc_Init)
    MX_Set_Hms                               0x08004869   Thumb Code    24  rtc.o(i.MX_Set_Hms)
    MX_Set_Ymd                               0x08004885   Thumb Code    22  rtc.o(i.MX_Set_Ymd)
    MX_TIM3_Init                             0x080048a5   Thumb Code    96  tim.o(i.MX_TIM3_Init)
    ModifyReg_Ext                            0x08004915   Thumb Code    48  lpcd_regctrl.o(i.ModifyReg_Ext)
    Motor_Init                               0x08004945   Thumb Code    76  motor.o(i.Motor_Init)
    Motor_OpenClose                          0x08004999   Thumb Code   116  motor.o(i.Motor_OpenClose)
    NMI_Handler                              0x08004a11   Thumb Code    10  stm32f0xx_it.o(i.NMI_Handler)
    OLED_Clear                               0x08004a91   Thumb Code    60  oled.o(i.OLED_Clear)
    OLED_DrawBMP                             0x08004acd   Thumb Code    58  oled.o(i.OLED_DrawBMP)
    OLED_Init                                0x08004b07   Thumb Code   236  oled.o(i.OLED_Init)
    OLED_Power_Init                          0x08004bf5   Thumb Code   140  oled.o(i.OLED_Power_Init)
    OLED_SetPos                              0x08004c91   Thumb Code    40  oled.o(i.OLED_SetPos)
    OLED_ShowCHinese16                       0x08004cb9   Thumb Code    66  oled.o(i.OLED_ShowCHinese16)
    OLED_ShowCHinese24                       0x08004d01   Thumb Code   100  oled.o(i.OLED_ShowCHinese24)
    OLED_ShowCHinese24_Fill                  0x08004d69   Thumb Code   100  oled.o(i.OLED_ShowCHinese24_Fill)
    OLED_Show_16Char                         0x08004dd1   Thumb Code    74  oled.o(i.OLED_Show_16Char)
    OLED_Show_16Char_Fill                    0x08004e21   Thumb Code    74  oled.o(i.OLED_Show_16Char_Fill)
    OLED_Show_24Char                         0x08004e71   Thumb Code   108  oled.o(i.OLED_Show_24Char)
    OLED_Show_24Char_Fill                    0x08004ee1   Thumb Code   108  oled.o(i.OLED_Show_24Char_Fill)
    OLED_Show_Chinese_16                     0x08004f51   Thumb Code   102  oled.o(i.OLED_Show_Chinese_16)
    OLED_Show_Chinese_16_Center              0x08004fbd   Thumb Code    32  oled.o(i.OLED_Show_Chinese_16_Center)
    OLED_Show_Chinese_24                     0x08004fdd   Thumb Code   104  oled.o(i.OLED_Show_Chinese_24)
    OLED_Show_Chinese_24_Center              0x08005049   Thumb Code    36  oled.o(i.OLED_Show_Chinese_24_Center)
    OLED_Show_Chinese_24_Center_Fill         0x0800506d   Thumb Code    36  oled.o(i.OLED_Show_Chinese_24_Center_Fill)
    OLED_Show_Chinese_24_Fill                0x08005091   Thumb Code   104  oled.o(i.OLED_Show_Chinese_24_Fill)
    OLED_Show_Play                           0x080050fd   Thumb Code  8492  oled.o(i.OLED_Show_Play)
    OLED_WR_Byte                             0x08007229   Thumb Code   116  oled.o(i.OLED_WR_Byte)
    OLED_WR_Byte_Fill                        0x080072a1   Thumb Code   116  oled.o(i.OLED_WR_Byte_Fill)
    Pcd_Comm                                 0x08007319   Thumb Code   424  fm175xx.o(i.Pcd_Comm)
    Pcd_ConfigISOType                        0x080074c5   Thumb Code   134  fm175xx.o(i.Pcd_ConfigISOType)
    Pcd_SetTimer                             0x0800754d   Thumb Code    74  fm175xx.o(i.Pcd_SetTimer)
    PendSV_Handler                           0x080075a1   Thumb Code    10  stm32f0xx_it.o(i.PendSV_Handler)
    Queue_Read_Byte                          0x080075c5   Thumb Code    30  system.o(i.Queue_Read_Byte)
    RTC_Bcd2ToByte                           0x080075ed   Thumb Code    16  stm32f0xx_hal_rtc.o(i.RTC_Bcd2ToByte)
    RTC_ByteToBcd2                           0x080075fd   Thumb Code    22  stm32f0xx_hal_rtc.o(i.RTC_ByteToBcd2)
    RTC_EnterInitMode                        0x08007613   Thumb Code    56  stm32f0xx_hal_rtc.o(i.RTC_EnterInitMode)
    RTC_GET_Time                             0x0800764b   Thumb Code    12  rtc.o(i.RTC_GET_Time)
    Read_FIFO                                0x08007657   Thumb Code    12  fm175xx.o(i.Read_FIFO)
    Read_Reg                                 0x08007663   Thumb Code     8  fm175xx.o(i.Read_Reg)
    Read_TyteA_Card                          0x0800766d   Thumb Code   100  type_a.o(i.Read_TyteA_Card)
    Read_TyteB_Card                          0x080076d5   Thumb Code   100  type_b.o(i.Read_TyteB_Card)
    RightMoveBit                             0x0800773d   Thumb Code    24  type_a.o(i.RightMoveBit)
    SPIRead_Sequence                         0x08007755   Thumb Code    58  nfcspi.o(i.SPIRead_Sequence)
    SPIWrite_Sequence                        0x0800778f   Thumb Code    44  nfcspi.o(i.SPIWrite_Sequence)
    SPI_NFC_SendByte                         0x08007809   Thumb Code    38  bsp_spinfc.o(i.SPI_NFC_SendByte)
    SPI_SendByte                             0x08007839   Thumb Code    10  nfcspi.o(i.SPI_SendByte)
    SPI_WakeUp                               0x08007965   Thumb Code    72  bsp_spinfc.o(i.SPI_WakeUp)
    SVC_Handler                              0x080079b9   Thumb Code    10  stm32f0xx_it.o(i.SVC_Handler)
    Send_Get_Wifi_Risi                       0x080079d9   Thumb Code    12  protocol.o(i.Send_Get_Wifi_Risi)
    SetReg                                   0x080079e5   Thumb Code    10  fm175xx.o(i.SetReg)
    SetReg_Ext                               0x080079ef   Thumb Code    38  lpcd_regctrl.o(i.SetReg_Ext)
    Set_BitMask                              0x08007a15   Thumb Code    22  fm175xx.o(i.Set_BitMask)
    Set_Rf                                   0x08007a2b   Thumb Code    72  fm175xx.o(i.Set_Rf)
    Show_Baterry                             0x08007a75   Thumb Code    84  oled.o(i.Show_Baterry)
    Show_Wifi_Risi                           0x08007af5   Thumb Code    60  oled.o(i.Show_Wifi_Risi)
    SysTick_Handler                          0x08007b35   Thumb Code     8  stm32f0xx_it.o(i.SysTick_Handler)
    Sys_Pick_Proof                           0x08007b3d   Thumb Code    64  sys.o(i.Sys_Pick_Proof)
    SystemClock_Config                       0x08007b85   Thumb Code   124  main.o(i.SystemClock_Config)
    SystemInit                               0x08007c09   Thumb Code    78  system_stm32f0xx.o(i.SystemInit)
    TIM3_IRQHandler                          0x08007c65   Thumb Code    10  stm32f0xx_it.o(i.TIM3_IRQHandler)
    TIM_Base_SetConfig                       0x08007c75   Thumb Code   112  stm32f0xx_hal_tim.o(i.TIM_Base_SetConfig)
    TIM_ETR_SetConfig                        0x08007cfd   Thumb Code    22  stm32f0xx_hal_tim.o(i.TIM_ETR_SetConfig)
    TUYA_WiFi_Zone_Page                      0x08007d6d   Thumb Code   208  flash.o(i.TUYA_WiFi_Zone_Page)
    Touch_DeInit                             0x08007e4d   Thumb Code    28  touch.o(i.Touch_DeInit)
    Touch_Init                               0x08007e6d   Thumb Code    12  touch.o(i.Touch_Init)
    Touch_Inter_Init                         0x08007e79   Thumb Code   206  touch.o(i.Touch_Inter_Init)
    Touch_ReadByte                           0x08007f55   Thumb Code    48  touch.o(i.Touch_ReadByte)
    Touch_ReadKey                            0x08007f89   Thumb Code   150  touch.o(i.Touch_ReadKey)
    Touch_WriteData                          0x08008025   Thumb Code    32  touch.o(i.Touch_WriteData)
    TypeA_Anticollision                      0x08008049   Thumb Code   204  type_a.o(i.TypeA_Anticollision)
    TypeA_CardActive                         0x08008115   Thumb Code   200  type_a.o(i.TypeA_CardActive)
    TypeA_Request                            0x080081dd   Thumb Code   102  type_a.o(i.TypeA_Request)
    TypeA_Select                             0x08008243   Thumb Code   126  type_a.o(i.TypeA_Select)
    TypeA_Set_BitFraming                     0x080082c1   Thumb Code   172  type_a.o(i.TypeA_Set_BitFraming)
    TypeB_GetUID                             0x0800836d   Thumb Code    46  type_b.o(i.TypeB_GetUID)
    TypeB_Select                             0x0800839b   Thumb Code    76  type_b.o(i.TypeB_Select)
    TypeB_WUP                                0x080083e7   Thumb Code    62  type_b.o(i.TypeB_WUP)
    UART_AdvFeatureConfig                    0x08008425   Thumb Code   202  stm32f0xx_hal_uart.o(i.UART_AdvFeatureConfig)
    UART_CheckIdleState                      0x080084ef   Thumb Code    18  stm32f0xx_hal_uart.o(i.UART_CheckIdleState)
    UART_EndTransmit_IT                      0x08008533   Thumb Code    26  stm32f0xx_hal_uart.o(i.UART_EndTransmit_IT)
    UART_Receive_IT                          0x0800854d   Thumb Code   122  stm32f0xx_hal_uart.o(i.UART_Receive_IT)
    UART_SetConfig                           0x080085c9   Thumb Code   280  stm32f0xx_hal_uart.o(i.UART_SetConfig)
    UART_Transmit_IT                         0x080086f9   Thumb Code   102  stm32f0xx_hal_uart.o(i.UART_Transmit_IT)
    UART_WaitOnFlagUntilTimeout              0x0800875f   Thumb Code    98  stm32f0xx_hal_uart.o(i.UART_WaitOnFlagUntilTimeout)
    USART1_IRQHandler                        0x080087c1   Thumb Code    10  stm32f0xx_it.o(i.USART1_IRQHandler)
    USART2_IRQHandler                        0x080087d1   Thumb Code    10  stm32f0xx_it.o(i.USART2_IRQHandler)
    Verity_TemPwd                            0x080087e1   Thumb Code   132  main.o(i.Verity_TemPwd)
    WIFI_Init                                0x08008881   Thumb Code    90  wifiinit.o(i.WIFI_Init)
    WIFI_Power_Init                          0x080088e9   Thumb Code    48  wifiinit.o(i.WIFI_Power_Init)
    WTN6_Gpio_Init                           0x0800891d   Thumb Code    92  voice.o(i.WTN6_Gpio_Init)
    WTN6_Play                                0x08008981   Thumb Code    14  voice.o(i.WTN6_Play)
    WTN6_Send_Data                           0x08008995   Thumb Code   116  voice.o(i.WTN6_Send_Data)
    Write_FIFO                               0x08008a0d   Thumb Code    12  fm175xx.o(i.Write_FIFO)
    Write_Reg                                0x08008a19   Thumb Code    10  fm175xx.o(i.Write_Reg)
    __0printf$5                              0x08008a25   Thumb Code    24  printf5.o(i.__0printf$5)
    __1printf$5                              0x08008a25   Thumb Code     0  printf5.o(i.__0printf$5)
    __2printf                                0x08008a25   Thumb Code     0  printf5.o(i.__0printf$5)
    __0sprintf$5                             0x08008a45   Thumb Code    36  printf5.o(i.__0sprintf$5)
    __1sprintf$5                             0x08008a45   Thumb Code     0  printf5.o(i.__0sprintf$5)
    __2sprintf                               0x08008a45   Thumb Code     0  printf5.o(i.__0sprintf$5)
    __ARM_common_switch8                     0x08008a6d   Thumb Code    26  stm32f0xx_hal_tim.o(i.__ARM_common_switch8)
    __scatterload_copy                       0x08008a87   Thumb Code    14  handlers.o(i.__scatterload_copy)
    __scatterload_null                       0x08008a95   Thumb Code     2  handlers.o(i.__scatterload_null)
    __scatterload_zeroinit                   0x08008a97   Thumb Code    14  handlers.o(i.__scatterload_zeroinit)
    data_handle                              0x08008d85   Thumb Code   806  system.o(i.data_handle)
    delay_init                               0x080091c5   Thumb Code    52  delay.o(i.delay_init)
    delay_ms                                 0x08009209   Thumb Code    14  delay.o(i.delay_ms)
    delay_us                                 0x08009219   Thumb Code    44  delay.o(i.delay_us)
    dp_download_handle                       0x0800924d   Thumb Code    26  protocol.o(i.dp_download_handle)
    dynamic_pass_check                       0x0800938d   Thumb Code    88  lock_api.o(i.dynamic_pass_check)
    encrytime_func                           0x080093e5   Thumb Code   162  main.o(i.encrytime_func)
    fingerService                            0x080094a1   Thumb Code   202  finger.o(i.fingerService)
    finger_for_add                           0x08009591   Thumb Code    92  finger.o(i.finger_for_add)
    finger_for_delete                        0x08009601   Thumb Code    42  finger.o(i.finger_for_delete)
    finger_for_factory                       0x0800963d   Thumb Code    26  finger.o(i.finger_for_factory)
    finger_for_vertiy                        0x0800965d   Thumb Code   670  finger.o(i.finger_for_vertiy)
    finger_get_info                          0x08009989   Thumb Code    24  finger.o(i.finger_get_info)
    fputc                                    0x080099a1   Thumb Code     2  main.o(i.fputc)
    get_check_sum                            0x080099a3   Thumb Code    28  system.o(i.get_check_sum)
    get_download_cmd_total                   0x080099bf   Thumb Code     4  protocol.o(i.get_download_cmd_total)
    get_queue_total_data                     0x080099c5   Thumb Code    18  system.o(i.get_queue_total_data)
    main                                     0x080099dd   Thumb Code  9968  main.o(i.main)
    mcu_dp_bool_update                       0x0800c0fd   Thumb Code    64  mcu_api.o(i.mcu_dp_bool_update)
    mcu_dp_enum_update                       0x0800c141   Thumb Code    56  mcu_api.o(i.mcu_dp_enum_update)
    mcu_dp_raw_update                        0x0800c17d   Thumb Code    60  mcu_api.o(i.mcu_dp_raw_update)
    mcu_dp_value_update                      0x0800c1bd   Thumb Code   154  mcu_api.o(i.mcu_dp_value_update)
    mcu_firm_update_handle                   0x0800c269   Thumb Code     4  protocol.o(i.mcu_firm_update_handle)
    mcu_get_dp_download_bool                 0x0800c26d   Thumb Code     4  mcu_api.o(i.mcu_get_dp_download_bool)
    mcu_get_mul_temp_pass                    0x0800c271   Thumb Code    12  lock_api.o(i.mcu_get_mul_temp_pass)
    mcu_get_system_time                      0x0800c27d   Thumb Code    12  mcu_api.o(i.mcu_get_system_time)
    mcu_reset_wifi                           0x0800c289   Thumb Code    18  mcu_api.o(i.mcu_reset_wifi)
    mcu_set_wifi_mode                        0x0800c2a1   Thumb Code    24  mcu_api.o(i.mcu_set_wifi_mode)
    mcu_update_handle                        0x0800c2bd   Thumb Code     2  protocol.o(i.mcu_update_handle)
    mcu_write_gltime                         0x0800c2bf   Thumb Code     2  protocol.o(i.mcu_write_gltime)
    mcu_write_rtctime                        0x0800c2c1   Thumb Code    56  protocol.o(i.mcu_write_rtctime)
    mul_temp_pass_data                       0x0800c34d   Thumb Code   252  lock_api.o(i.mul_temp_pass_data)
    mul_temp_pass_handle                     0x0800c4ed   Thumb Code   406  lock_api.o(i.mul_temp_pass_handle)
    my_memcpy                                0x0800c6d5   Thumb Code    64  mcu_api.o(i.my_memcpy)
    my_strlen                                0x0800c715   Thumb Code    22  mcu_api.o(i.my_strlen)
    nfc_interrupt_init                       0x0800c72d   Thumb Code    60  bsp_spinfc.o(i.nfc_interrupt_init)
    pass_check_handle                        0x0800c775   Thumb Code   224  lock_api.o(i.pass_check_handle)
    pcd_RST                                  0x0800c89d   Thumb Code    40  fm175xx.o(i.pcd_RST)
    schedule_temp_pass_handle                0x0800c9dd   Thumb Code   130  lock_api.o(i.schedule_temp_pass_handle)
    set_wifi_uart_buffer                     0x0800ca61   Thumb Code    22  system.o(i.set_wifi_uart_buffer)
    set_wifi_uart_byte                       0x0800ca7d   Thumb Code    12  system.o(i.set_wifi_uart_byte)
    spi_GetReg                               0x0800ca8d   Thumb Code    56  nfcspi.o(i.spi_GetReg)
    spi_GetReg2                              0x0800cac9   Thumb Code    58  nfcspi.o(i.spi_GetReg2)
    spi_SetReg                               0x0800cb09   Thumb Code    60  nfcspi.o(i.spi_SetReg)
    temp_pass_handle                         0x0800cb45   Thumb Code     2  lock_api.o(i.temp_pass_handle)
    uart_receive_input                       0x0800cb49   Thumb Code    46  mcu_api.o(i.uart_receive_input)
    uart_transmit_output                     0x0800cb85   Thumb Code    16  protocol.o(i.uart_transmit_output)
    wifi_protocol_init                       0x0800cb99   Thumb Code    24  mcu_api.o(i.wifi_protocol_init)
    wifi_test_result                         0x0800cbc5   Thumb Code     2  protocol.o(i.wifi_test_result)
    wifi_uart_service                        0x0800cbc9   Thumb Code   208  mcu_api.o(i.wifi_uart_service)
    wifi_uart_write_frame                    0x0800ccbd   Thumb Code   102  system.o(i.wifi_uart_write_frame)
    wifi_update_handle                       0x0800cd49   Thumb Code     2  protocol.o(i.wifi_update_handle)
    AHBPrescTable                            0x0800cd4a   Data          16  system_stm32f0xx.o(.constdata)
    APBPrescTable                            0x0800cd5a   Data           8  system_stm32f0xx.o(.constdata)
    chinese_font_24                          0x0800cd62   Data         167  oled.o(.constdata)
    CHINESE24                                0x0800ce09   Data        5976  oled.o(.constdata)
    chinese_font_16                          0x0800e561   Data         129  oled.o(.constdata)
    CHINESE16                                0x0800e5e2   Data        2208  oled.o(.constdata)
    download_cmd                             0x0800ee9b   Data          30  protocol.o(.constdata)
    Region$$Table$$Base                      0x0800ef50   Number         0  anon$$obj.o(Region$$Table)
    Region$$Table$$Limit                     0x0800ef70   Number         0  anon$$obj.o(Region$$Table)
    GetPowerData                             0x20000000   Data           2  main.o(.data)
    Finger_Inter_IT                          0x20000002   Data           1  stm32f0xx_it.o(.data)
    finger_recv                              0x20000003   Data           1  stm32f0xx_it.o(.data)
    wifi_recv                                0x20000004   Data           1  stm32f0xx_it.o(.data)
    uwTick                                   0x20000008   Data           4  stm32f0xx_hal.o(.data)
    SystemCoreClock                          0x2000000c   Data           4  system_stm32f0xx.o(.data)
    fac_us                                   0x20000010   Data           4  delay.o(.data)
    fac_ms                                   0x20000014   Data           4  delay.o(.data)
    connect_statues                          0x20000018   Data           1  finger.o(.data)
    Finger_Power_State                       0x20000019   Data           1  finger.o(.data)
    Finger_Add_State_IT                      0x2000001a   Data           1  finger.o(.data)
    OpenDoorState                            0x2000001b   Data           1  finger.o(.data)
    finger_p_input                           0x20000020   Data           4  finger.o(.data)
    finger_p_output                          0x20000024   Data           4  finger.o(.data)
    Last_Show_Data                           0x20000028   Data           1  oled.o(.data)
    gImage_logo1                             0x20000029   Data        1024  oled.o(.data)
    oled_num24_bufer                         0x20000429   Data         432  oled.o(.data)
    oled_num16_bufer                         0x200005d9   Data         320  oled.o(.data)
    Key_Data                                 0x20000719   Data           1  touch.o(.data)
    hymd                                     0x2000071a   Data           4  rtc.o(.data)
    Nfc_Status                               0x2000071e   Data           1  fm175xx.o(.data)
    CardID                                   0x2000071f   Data           8  fm175xx.o(.data)
    Lpcd_Debug_Test                          0x20000727   Data           1  lpcd_api.o(.data)
    cap_equip                                0x2000072c   Data           1  system.o(.data)
    stop_update_flag                         0x2000072e   Data           1  system.o(.data)
    reset_wifi_flag                          0x2000072f   Data           1  system.o(.data)
    set_wifimode_flag                        0x20000730   Data           1  system.o(.data)
    wifi_work_state                          0x20000731   Data           1  system.o(.data)
    queue_in                                 0x20000738   Data           4  system.o(.data)
    queue_out                                0x2000073c   Data           4  system.o(.data)
    __stdout                                 0x20000740   Data           4  stdout.o(.data)
    Lusers                                   0x20000744   Data         200  main.o(.bss)
    pFlash                                   0x20000810   Data          32  stm32f0xx_hal_flash.o(.bss)
    finger_rx_bufer                          0x20000830   Data         255  finger.o(.bss)
    finger_in_bufer                          0x2000092f   Data         255  finger.o(.bss)
    huart2                                   0x20000a30   Data         112  finger.o(.bss)
    finger_state                             0x20000aa0   Data          13  finger.o(.bss)
    hadc                                     0x20000ab0   Data          76  power.o(.bss)
    hi2c1                                    0x20000afc   Data          76  touch.o(.bss)
    flash_list                               0x20000b48   Data         580  flash.o(.bss)
    open_list                                0x20000d8c   Data        1602  flash.o(.bss)
    hrtc                                     0x200013d0   Data          32  rtc.o(.bss)
    hhms                                     0x200013f0   Data          20  rtc.o(.bss)
    htim3                                    0x20001404   Data          64  tim.o(.bss)
    hspinfc                                  0x20001444   Data         100  bsp_spinfc.o(.bss)
    huart1                                   0x200014a8   Data         112  wifiinit.o(.bss)
    Lpcd                                     0x20001518   Data          20  lpcd_api.o(.bss)
    wifi_data_process_buf                    0x2000152c   Data         307  system.o(.bss)
    wifi_uart_rx_buf                         0x2000165f   Data         135  system.o(.bss)
    wifi_uart_tx_buf                         0x200016e6   Data          55  system.o(.bss)
    __initial_sp                             0x20001b20   Data           0  startup_stm32f030x8.o(STACK)



==============================================================================

Memory Map of the image

  Image Entry point : 0x080000b5

  Load Region LR_IROM1 (Base: 0x08000000, Size: 0x0000f6b4, Max: 0x00010000, ABSOLUTE, COMPRESSED[0x0000f1c0])

    Execution Region ER_IROM1 (Exec base: 0x08000000, Load base: 0x08000000, Size: 0x0000ef70, Max: 0x00010000, ABSOLUTE)

    Exec Addr    Load Addr    Size         Type   Attr      Idx    E Section Name        Object

    0x08000000   0x08000000   0x000000b4   Data   RO         3879    RESET               startup_stm32f030x8.o
    0x080000b4   0x080000b4   0x00000000   Code   RO         5739  * .ARM.Collect$$$$00000000  mc_p.l(entry.o)
    0x080000b4   0x080000b4   0x00000004   Code   RO         6021    .ARM.Collect$$$$00000001  mc_p.l(entry2.o)
    0x080000b8   0x080000b8   0x00000004   Code   RO         6024    .ARM.Collect$$$$00000004  mc_p.l(entry5.o)
    0x080000bc   0x080000bc   0x00000000   Code   RO         6026    .ARM.Collect$$$$00000008  mc_p.l(entry7b.o)
    0x080000bc   0x080000bc   0x00000000   Code   RO         6028    .ARM.Collect$$$$0000000A  mc_p.l(entry8b.o)
    0x080000bc   0x080000bc   0x00000008   Code   RO         6029    .ARM.Collect$$$$0000000B  mc_p.l(entry9a.o)
    0x080000c4   0x080000c4   0x00000004   Code   RO         6036    .ARM.Collect$$$$0000000E  mc_p.l(entry12b.o)
    0x080000c8   0x080000c8   0x00000000   Code   RO         6031    .ARM.Collect$$$$0000000F  mc_p.l(entry10a.o)
    0x080000c8   0x080000c8   0x00000000   Code   RO         6033    .ARM.Collect$$$$00000011  mc_p.l(entry11a.o)
    0x080000c8   0x080000c8   0x00000004   Code   RO         6022    .ARM.Collect$$$$00002712  mc_p.l(entry2.o)
    0x080000cc   0x080000cc   0x0000001c   Code   RO         3880    .text               startup_stm32f030x8.o
    0x080000e8   0x080000e8   0x0000002c   Code   RO         5742    .text               mc_p.l(uidiv.o)
    0x08000114   0x08000114   0x00000028   Code   RO         5744    .text               mc_p.l(idiv.o)
    0x0800013c   0x0800013c   0x00000022   Code   RO         5746    .text               mc_p.l(llushr.o)
    0x0800015e   0x0800015e   0x00000024   Code   RO         5748    .text               mc_p.l(memcpya.o)
    0x08000182   0x08000182   0x00000024   Code   RO         5750    .text               mc_p.l(memseta.o)
    0x080001a6   0x080001a6   0x0000000e   Code   RO         5752    .text               mc_p.l(strlen.o)
    0x080001b4   0x080001b4   0x0000001c   Code   RO         5754    .text               mc_p.l(strcmp.o)
    0x080001d0   0x080001d0   0x00000060   Code   RO         6038    .text               mc_p.l(uldiv.o)
    0x08000230   0x08000230   0x00000024   Code   RO         6051    .text               mc_p.l(init.o)
    0x08000254   0x08000254   0x00000020   Code   RO         6053    .text               mc_p.l(llshl.o)
    0x08000274   0x08000274   0x00000056   Code   RO         6069    .text               mc_p.l(__dczerorl2.o)
    0x080002ca   0x080002ca   0x00000052   Code   RO         3027    i.ADC_ConversionStop  stm32f0xx_hal_adc.o
    0x0800031c   0x0800031c   0x00000066   Code   RO         3031    i.ADC_Disable       stm32f0xx_hal_adc.o
    0x08000382   0x08000382   0x00000002   PAD
    0x08000384   0x08000384   0x00000084   Code   RO         3032    i.ADC_Enable        stm32f0xx_hal_adc.o
    0x08000408   0x08000408   0x00000008   Code   RO         5136    i.Add_TyteA_Card    type_a.o
    0x08000410   0x08000410   0x00000008   Code   RO         5231    i.Add_TyteB_Card    type_b.o
    0x08000418   0x08000418   0x00000068   Code   RO            3    i.Application_Layer  main.o
    0x08000480   0x08000480   0x000000c0   Code   RO         4532    i.BeiJTime_To_GelinUTC  rtc.o
    0x08000540   0x08000540   0x00000038   Code   RO         4702    i.CD_CfgTPD         fm175xx.o
    0x08000578   0x08000578   0x00000014   Code   RO         4703    i.CD_ClrTPD         fm175xx.o
    0x0800058c   0x0800058c   0x00000014   Code   RO         4704    i.CD_SetTPD         fm175xx.o
    0x080005a0   0x080005a0   0x00000016   Code   RO         4705    i.Clear_BitMask     fm175xx.o
    0x080005b6   0x080005b6   0x0000001c   Code   RO         4706    i.Clear_FIFO        fm175xx.o
    0x080005d2   0x080005d2   0x00000084   Code   RO         5137    i.CollSaveUID       type_a.o
    0x08000656   0x08000656   0x00000002   PAD
    0x08000658   0x08000658   0x00000044   Code   RO            4    i.Compare_NFC       main.o
    0x0800069c   0x0800069c   0x00000134   Code   RO            5    i.Compare_PWD       main.o
    0x080007d0   0x080007d0   0x00000020   Code   RO            6    i.Compare_TemPwd    main.o
    0x080007f0   0x080007f0   0x00000090   Code   RO            7    i.DATA_Layer_Init   main.o
    0x08000880   0x08000880   0x00000024   Code   RO         2557    i.DMA_CalcBaseAndBitshift  stm32f0xx_hal_dma.o
    0x080008a4   0x080008a4   0x0000003c   Code   RO          328    i.EXTI0_1_IRQHandler  stm32f0xx_it.o
    0x080008e0   0x080008e0   0x00000054   Code   RO          329    i.EXTI4_15_IRQHandler  stm32f0xx_it.o
    0x08000934   0x08000934   0x000000a0   Code   RO            8    i.Encry_TemPwd      main.o
    0x080009d4   0x080009d4   0x00000070   Code   RO            9    i.Encryption_NFC    main.o
    0x08000a44   0x08000a44   0x00000078   Code   RO           10    i.Encryption_PWD    main.o
    0x08000abc   0x08000abc   0x00000002   Code   RO           11    i.Error_Handler     main.o
    0x08000abe   0x08000abe   0x00000002   PAD
    0x08000ac0   0x08000ac0   0x00000024   Code   RO         2946    i.FLASH_MassErase   stm32f0xx_hal_flash_ex.o
    0x08000ae4   0x08000ae4   0x00000024   Code   RO         2951    i.FLASH_PageErase   stm32f0xx_hal_flash_ex.o
    0x08000b08   0x08000b08   0x00000020   Code   RO         2847    i.FLASH_Program_HalfWord  stm32f0xx_hal_flash.o
    0x08000b28   0x08000b28   0x00000028   Code   RO         4471    i.FLASH_ReadPlay    flash.o
    0x08000b50   0x08000b50   0x00000038   Code   RO         2848    i.FLASH_SetErrorCode  stm32f0xx_hal_flash.o
    0x08000b88   0x08000b88   0x00000050   Code   RO         2849    i.FLASH_WaitForLastOperation  stm32f0xx_hal_flash.o
    0x08000bd8   0x08000bd8   0x00000028   Code   RO         4472    i.FLASH_WritePlay   flash.o
    0x08000c00   0x08000c00   0x00000096   Code   RO         4707    i.FM175XX_HPD       fm175xx.o
    0x08000c96   0x08000c96   0x00000028   Code   RO         4620    i.FM175XX_HardReset  bsp_spinfc.o
    0x08000cbe   0x08000cbe   0x00000014   Code   RO         4712    i.FM175X_SoftReset  fm175xx.o
    0x08000cd2   0x08000cd2   0x00000002   PAD
    0x08000cd4   0x08000cd4   0x00000054   Code   RO           12    i.Find_SameNFC      main.o
    0x08000d28   0x08000d28   0x00000058   Code   RO           13    i.Find_SamePWD      main.o
    0x08000d80   0x08000d80   0x00000018   Code   RO         3947    i.Finger_Break_Cmd  finger.o
    0x08000d98   0x08000d98   0x00000038   Code   RO         3948    i.Finger_Delete     finger.o
    0x08000dd0   0x08000dd0   0x00000034   Code   RO         3949    i.Finger_Factory    finger.o
    0x08000e04   0x08000e04   0x00000024   Code   RO         3950    i.Finger_Input_Data  finger.o
    0x08000e28   0x08000e28   0x0000004c   Code   RO         3951    i.Finger_Inter_Init  finger.o
    0x08000e74   0x08000e74   0x00000028   Code   RO         3952    i.Finger_OutPut_Data  finger.o
    0x08000e9c   0x08000e9c   0x00000038   Code   RO         3953    i.Finger_Power_Init  finger.o
    0x08000ed4   0x08000ed4   0x0000006c   Code   RO         3954    i.Finger_Power_OnOff  finger.o
    0x08000f40   0x08000f40   0x000000bc   Code   RO         3955    i.Finger_Recevie_Service  finger.o
    0x08000ffc   0x08000ffc   0x00000018   Code   RO         3956    i.Finger_Send_1vN   finger.o
    0x08001014   0x08001014   0x0000004c   Code   RO         3957    i.Finger_Send_Add_Figner  finger.o
    0x08001060   0x08001060   0x00000060   Code   RO         3958    i.Finger_Send_CMD   finger.o
    0x080010c0   0x080010c0   0x0000004c   Code   RO         3959    i.Finger_Send_Connect  finger.o
    0x0800110c   0x0800110c   0x0000004c   Code   RO         3960    i.Finger_Show_Play  finger.o
    0x08001158   0x08001158   0x0000005c   Code   RO         3961    i.Finger_Uart2_Init  finger.o
    0x080011b4   0x080011b4   0x00000070   Code   RO         4473    i.Flash_Init        flash.o
    0x08001224   0x08001224   0x0000001e   Code   RO         4474    i.Flash_ReadData    flash.o
    0x08001242   0x08001242   0x00000002   PAD
    0x08001244   0x08001244   0x00000070   Code   RO         4476    i.Flash_WriteData   flash.o
    0x080012b4   0x080012b4   0x0000000c   Code   RO         4713    i.GetReg            fm175xx.o
    0x080012c0   0x080012c0   0x0000002e   Code   RO         5054    i.GetReg_Ext        lpcd_regctrl.o
    0x080012ee   0x080012ee   0x00000002   PAD
    0x080012f0   0x080012f0   0x0000005c   Code   RO         4305    i.Get_Power_Value   power.o
    0x0800134c   0x0800134c   0x00000048   Code   RO         5568    i.Get_Wifi_Risi     protocol.o
    0x08001394   0x08001394   0x00000110   Code   RO         3034    i.HAL_ADC_ConfigChannel  stm32f0xx_hal_adc.o
    0x080014a4   0x080014a4   0x000000a0   Code   RO         3037    i.HAL_ADC_DeInit    stm32f0xx_hal_adc.o
    0x08001544   0x08001544   0x00000004   Code   RO         3040    i.HAL_ADC_GetState  stm32f0xx_hal_adc.o
    0x08001548   0x08001548   0x00000006   Code   RO         3041    i.HAL_ADC_GetValue  stm32f0xx_hal_adc.o
    0x0800154e   0x0800154e   0x00000002   PAD
    0x08001550   0x08001550   0x00000174   Code   RO         3043    i.HAL_ADC_Init      stm32f0xx_hal_adc.o
    0x080016c4   0x080016c4   0x00000030   Code   RO          447    i.HAL_ADC_MspDeInit  stm32f0xx_hal_msp.o
    0x080016f4   0x080016f4   0x0000006c   Code   RO          448    i.HAL_ADC_MspInit   stm32f0xx_hal_msp.o
    0x08001760   0x08001760   0x000000be   Code   RO         3047    i.HAL_ADC_PollForConversion  stm32f0xx_hal_adc.o
    0x0800181e   0x0800181e   0x00000002   PAD
    0x08001820   0x08001820   0x0000005c   Code   RO         3049    i.HAL_ADC_Start     stm32f0xx_hal_adc.o
    0x0800187c   0x0800187c   0x0000003e   Code   RO         3052    i.HAL_ADC_Stop      stm32f0xx_hal_adc.o
    0x080018ba   0x080018ba   0x00000048   Code   RO         2560    i.HAL_DMA_Abort_IT  stm32f0xx_hal_dma.o
    0x08001902   0x08001902   0x00000042   Code   RO         2561    i.HAL_DMA_DeInit    stm32f0xx_hal_dma.o
    0x08001944   0x08001944   0x000000a0   Code   RO         2952    i.HAL_FLASHEx_Erase  stm32f0xx_hal_flash_ex.o
    0x080019e4   0x080019e4   0x00000014   Code   RO         2853    i.HAL_FLASH_Lock    stm32f0xx_hal_flash.o
    0x080019f8   0x080019f8   0x0000007c   Code   RO         2858    i.HAL_FLASH_Program  stm32f0xx_hal_flash.o
    0x08001a74   0x08001a74   0x00000028   Code   RO         2860    i.HAL_FLASH_Unlock  stm32f0xx_hal_flash.o
    0x08001a9c   0x08001a9c   0x000000d4   Code   RO         2495    i.HAL_GPIO_DeInit   stm32f0xx_hal_gpio.o
    0x08001b70   0x08001b70   0x0000013c   Code   RO          330    i.HAL_GPIO_EXTI_Callback  stm32f0xx_it.o
    0x08001cac   0x08001cac   0x00000148   Code   RO         2498    i.HAL_GPIO_Init     stm32f0xx_hal_gpio.o
    0x08001df4   0x08001df4   0x0000000a   Code   RO         2500    i.HAL_GPIO_ReadPin  stm32f0xx_hal_gpio.o
    0x08001dfe   0x08001dfe   0x0000000c   Code   RO         2502    i.HAL_GPIO_WritePin  stm32f0xx_hal_gpio.o
    0x08001e0a   0x08001e0a   0x00000002   PAD
    0x08001e0c   0x08001e0c   0x0000000c   Code   RO         1905    i.HAL_GetTick       stm32f0xx_hal.o
    0x08001e18   0x08001e18   0x0000004a   Code   RO         2457    i.HAL_I2CEx_ConfigAnalogFilter  stm32f0xx_hal_i2c_ex.o
    0x08001e62   0x08001e62   0x00000048   Code   RO         2458    i.HAL_I2CEx_ConfigDigitalFilter  stm32f0xx_hal_i2c_ex.o
    0x08001eaa   0x08001eaa   0x00000034   Code   RO         2035    i.HAL_I2C_DeInit    stm32f0xx_hal_i2c.o
    0x08001ede   0x08001ede   0x00000002   PAD
    0x08001ee0   0x08001ee0   0x000000b4   Code   RO         2044    i.HAL_I2C_Init      stm32f0xx_hal_i2c.o
    0x08001f94   0x08001f94   0x00000118   Code   RO         2050    i.HAL_I2C_Master_Receive  stm32f0xx_hal_i2c.o
    0x080020ac   0x080020ac   0x00000118   Code   RO         2055    i.HAL_I2C_Master_Transmit  stm32f0xx_hal_i2c.o
    0x080021c4   0x080021c4   0x00000154   Code   RO         2063    i.HAL_I2C_Mem_Write  stm32f0xx_hal_i2c.o
    0x08002318   0x08002318   0x00000002   Code   RO         2066    i.HAL_I2C_MspDeInit  stm32f0xx_hal_i2c.o
    0x0800231a   0x0800231a   0x00000002   PAD
    0x0800231c   0x0800231c   0x00000078   Code   RO          449    i.HAL_I2C_MspInit   stm32f0xx_hal_msp.o
    0x08002394   0x08002394   0x00000010   Code   RO         1909    i.HAL_IncTick       stm32f0xx_hal.o
    0x080023a4   0x080023a4   0x00000020   Code   RO         1910    i.HAL_Init          stm32f0xx_hal.o
    0x080023c4   0x080023c4   0x00000022   Code   RO         1911    i.HAL_InitTick      stm32f0xx_hal.o
    0x080023e6   0x080023e6   0x00000002   PAD
    0x080023e8   0x080023e8   0x00000028   Code   RO          450    i.HAL_MspInit       stm32f0xx_hal_msp.o
    0x08002410   0x08002410   0x00000014   Code   RO         2654    i.HAL_NVIC_DisableIRQ  stm32f0xx_hal_cortex.o
    0x08002424   0x08002424   0x00000014   Code   RO         2655    i.HAL_NVIC_EnableIRQ  stm32f0xx_hal_cortex.o
    0x08002438   0x08002438   0x00000008   Code   RO         2659    i.HAL_NVIC_SetPriority  stm32f0xx_hal_cortex.o
    0x08002440   0x08002440   0x00000010   Code   RO         2752    i.HAL_PWR_EnableBkUpAccess  stm32f0xx_hal_pwr.o
    0x08002450   0x08002450   0x00000034   Code   RO         2758    i.HAL_PWR_EnterSTOPMode  stm32f0xx_hal_pwr.o
    0x08002484   0x08002484   0x000000e8   Code   RO         1866    i.HAL_RCCEx_PeriphCLKConfig  stm32f0xx_hal_rcc_ex.o
    0x0800256c   0x0800256c   0x0000012c   Code   RO         1773    i.HAL_RCC_ClockConfig  stm32f0xx_hal_rcc.o
    0x08002698   0x08002698   0x0000000c   Code   RO         1778    i.HAL_RCC_GetHCLKFreq  stm32f0xx_hal_rcc.o
    0x080026a4   0x080026a4   0x00000020   Code   RO         1780    i.HAL_RCC_GetPCLK1Freq  stm32f0xx_hal_rcc.o
    0x080026c4   0x080026c4   0x00000078   Code   RO         1781    i.HAL_RCC_GetSysClockFreq  stm32f0xx_hal_rcc.o
    0x0800273c   0x0800273c   0x00000354   Code   RO         1784    i.HAL_RCC_OscConfig  stm32f0xx_hal_rcc.o
    0x08002a90   0x08002a90   0x00000044   Code   RO         3228    i.HAL_RTC_GetDate   stm32f0xx_hal_rtc.o
    0x08002ad4   0x08002ad4   0x0000005c   Code   RO         3230    i.HAL_RTC_GetTime   stm32f0xx_hal_rtc.o
    0x08002b30   0x08002b30   0x000000b4   Code   RO         3231    i.HAL_RTC_Init      stm32f0xx_hal_rtc.o
    0x08002be4   0x08002be4   0x00000038   Code   RO          452    i.HAL_RTC_MspInit   stm32f0xx_hal_msp.o
    0x08002c1c   0x08002c1c   0x000000c8   Code   RO         3237    i.HAL_RTC_SetDate   stm32f0xx_hal_rtc.o
    0x08002ce4   0x08002ce4   0x000000e4   Code   RO         3238    i.HAL_RTC_SetTime   stm32f0xx_hal_rtc.o
    0x08002dc8   0x08002dc8   0x00000034   Code   RO         3239    i.HAL_RTC_WaitForSynchro  stm32f0xx_hal_rtc.o
    0x08002dfc   0x08002dfc   0x000000b8   Code   RO         3513    i.HAL_SPI_Init      stm32f0xx_hal_spi.o
    0x08002eb4   0x08002eb4   0x000000b0   Code   RO          454    i.HAL_SPI_MspInit   stm32f0xx_hal_msp.o
    0x08002f64   0x08002f64   0x00000248   Code   RO         3522    i.HAL_SPI_TransmitReceive  stm32f0xx_hal_spi.o
    0x080031ac   0x080031ac   0x00000018   Code   RO         2661    i.HAL_SYSTICK_CLKSourceConfig  stm32f0xx_hal_cortex.o
    0x080031c4   0x080031c4   0x00000030   Code   RO         2663    i.HAL_SYSTICK_Config  stm32f0xx_hal_cortex.o
    0x080031f4   0x080031f4   0x00000002   Code   RO         1174    i.HAL_TIMEx_BreakCallback  stm32f0xx_hal_tim_ex.o
    0x080031f6   0x080031f6   0x00000002   Code   RO         1175    i.HAL_TIMEx_CommutationCallback  stm32f0xx_hal_tim_ex.o
    0x080031f8   0x080031f8   0x00000048   Code   RO         1191    i.HAL_TIMEx_MasterConfigSynchronization  stm32f0xx_hal_tim_ex.o
    0x08003240   0x08003240   0x00000034   Code   RO          533    i.HAL_TIM_Base_DeInit  stm32f0xx_hal_tim.o
    0x08003274   0x08003274   0x00000034   Code   RO          535    i.HAL_TIM_Base_Init  stm32f0xx_hal_tim.o
    0x080032a8   0x080032a8   0x00000024   Code   RO          455    i.HAL_TIM_Base_MspDeInit  stm32f0xx_hal_msp.o
    0x080032cc   0x080032cc   0x0000005c   Code   RO          456    i.HAL_TIM_Base_MspInit  stm32f0xx_hal_msp.o
    0x08003328   0x08003328   0x00000016   Code   RO          540    i.HAL_TIM_Base_Start_IT  stm32f0xx_hal_tim.o
    0x0800333e   0x0800333e   0x00000002   PAD
    0x08003340   0x08003340   0x0000002c   Code   RO          543    i.HAL_TIM_Base_Stop_IT  stm32f0xx_hal_tim.o
    0x0800336c   0x0800336c   0x000000ee   Code   RO          544    i.HAL_TIM_ConfigClockSource  stm32f0xx_hal_tim.o
    0x0800345a   0x0800345a   0x00000002   Code   RO          566    i.HAL_TIM_IC_CaptureCallback  stm32f0xx_hal_tim.o
    0x0800345c   0x0800345c   0x00000162   Code   RO          579    i.HAL_TIM_IRQHandler  stm32f0xx_hal_tim.o
    0x080035be   0x080035be   0x00000002   Code   RO          582    i.HAL_TIM_OC_DelayElapsedCallback  stm32f0xx_hal_tim.o
    0x080035c0   0x080035c0   0x00000002   Code   RO          609    i.HAL_TIM_PWM_PulseFinishedCallback  stm32f0xx_hal_tim.o
    0x080035c2   0x080035c2   0x00000002   PAD
    0x080035c4   0x080035c4   0x0000011c   Code   RO          331    i.HAL_TIM_PeriodElapsedCallback  stm32f0xx_it.o
    0x080036e0   0x080036e0   0x00000002   Code   RO          620    i.HAL_TIM_TriggerCallback  stm32f0xx_hal_tim.o
    0x080036e2   0x080036e2   0x0000003e   Code   RO         1428    i.HAL_UART_DeInit   stm32f0xx_hal_uart.o
    0x08003720   0x08003720   0x00000094   Code   RO          332    i.HAL_UART_ErrorCallback  stm32f0xx_it.o
    0x080037b4   0x080037b4   0x00000114   Code   RO         1432    i.HAL_UART_IRQHandler  stm32f0xx_hal_uart.o
    0x080038c8   0x080038c8   0x0000006c   Code   RO         1433    i.HAL_UART_Init     stm32f0xx_hal_uart.o
    0x08003934   0x08003934   0x00000050   Code   RO          457    i.HAL_UART_MspDeInit  stm32f0xx_hal_msp.o
    0x08003984   0x08003984   0x000000d4   Code   RO          458    i.HAL_UART_MspInit  stm32f0xx_hal_msp.o
    0x08003a58   0x08003a58   0x00000088   Code   RO         1438    i.HAL_UART_Receive_IT  stm32f0xx_hal_uart.o
    0x08003ae0   0x08003ae0   0x000000ac   Code   RO          333    i.HAL_UART_RxCpltCallback  stm32f0xx_it.o
    0x08003b8c   0x08003b8c   0x000000c8   Code   RO         1441    i.HAL_UART_Transmit  stm32f0xx_hal_uart.o
    0x08003c54   0x08003c54   0x00000002   Code   RO         1444    i.HAL_UART_TxCpltCallback  stm32f0xx_hal_uart.o
    0x08003c56   0x08003c56   0x00000002   PAD
    0x08003c58   0x08003c58   0x00000028   Code   RO          334    i.HardFault_Handler  stm32f0xx_it.o
    0x08003c80   0x08003c80   0x00000022   Code   RO         2086    i.I2C_Flush_TXDR    stm32f0xx_hal_i2c.o
    0x08003ca2   0x08003ca2   0x00000002   PAD
    0x08003ca4   0x08003ca4   0x00000074   Code   RO         2094    i.I2C_IsAcknowledgeFailed  stm32f0xx_hal_i2c.o
    0x08003d18   0x08003d18   0x0000006a   Code   RO         2098    i.I2C_RequestMemoryWrite  stm32f0xx_hal_i2c.o
    0x08003d82   0x08003d82   0x00000002   PAD
    0x08003d84   0x08003d84   0x00000024   Code   RO         2101    i.I2C_TransferConfig  stm32f0xx_hal_i2c.o
    0x08003da8   0x08003da8   0x00000048   Code   RO         2102    i.I2C_WaitOnFlagUntilTimeout  stm32f0xx_hal_i2c.o
    0x08003df0   0x08003df0   0x00000078   Code   RO         2103    i.I2C_WaitOnRXNEFlagUntilTimeout  stm32f0xx_hal_i2c.o
    0x08003e68   0x08003e68   0x0000004e   Code   RO         2104    i.I2C_WaitOnSTOPFlagUntilTimeout  stm32f0xx_hal_i2c.o
    0x08003eb6   0x08003eb6   0x00000052   Code   RO         2105    i.I2C_WaitOnTXISFlagUntilTimeout  stm32f0xx_hal_i2c.o
    0x08003f08   0x08003f08   0x0000004c   Code   RO         4439    i.INDoor_Reset_Init  sys.o
    0x08003f54   0x08003f54   0x000000b0   Code   RO           14    i.Initialization_Layer  main.o
    0x08004004   0x08004004   0x00000038   Code   RO         3921    i.LED_Init          led.o
    0x0800403c   0x0800403c   0x00000020   Code   RO         3922    i.LED_OnOff         led.o
    0x0800405c   0x0800405c   0x00000018   Code   RO         5138    i.LeftMoveBit       type_a.o
    0x08004074   0x08004074   0x000000fc   Code   RO         4440    i.Low_Power_Gpio    sys.o
    0x08004170   0x08004170   0x000000d0   Code   RO         4894    i.Lpcd_Calibrate_Driver  lpcd_api.o
    0x08004240   0x08004240   0x0000005c   Code   RO         4895    i.Lpcd_Calibrate_Reference  lpcd_api.o
    0x0800429c   0x0800429c   0x00000014   Code   RO         4896    i.Lpcd_Calibration_Backup  lpcd_api.o
    0x080042b0   0x080042b0   0x0000002c   Code   RO         4897    i.Lpcd_Calibration_Event  lpcd_api.o
    0x080042dc   0x080042dc   0x00000014   Code   RO         4898    i.Lpcd_Calibration_Restore  lpcd_api.o
    0x080042f0   0x080042f0   0x00000048   Code   RO         4899    i.Lpcd_Card_Event   lpcd_api.o
    0x08004338   0x08004338   0x00000044   Code   RO         4900    i.Lpcd_Get_Calibration_Value  lpcd_api.o
    0x0800437c   0x0800437c   0x00000024   Code   RO         4901    i.Lpcd_Get_IRQ      lpcd_api.o
    0x080043a0   0x080043a0   0x0000002e   Code   RO         4902    i.Lpcd_Get_Value    lpcd_api.o
    0x080043ce   0x080043ce   0x00000002   PAD
    0x080043d0   0x080043d0   0x00000048   Code   RO         4903    i.Lpcd_IRQ_Event    lpcd_api.o
    0x08004418   0x08004418   0x0000002a   Code   RO         4904    i.Lpcd_Init_Register  lpcd_api.o
    0x08004442   0x08004442   0x00000016   Code   RO         4905    i.Lpcd_Reset_Status  lpcd_api.o
    0x08004458   0x08004458   0x00000086   Code   RO         4906    i.Lpcd_Set_Aux      lpcd_api.o
    0x080044de   0x080044de   0x0000005c   Code   RO         4907    i.Lpcd_Set_Driver   lpcd_api.o
    0x0800453a   0x0800453a   0x00000010   Code   RO         4908    i.Lpcd_Set_Gain     lpcd_api.o
    0x0800454a   0x0800454a   0x00000016   Code   RO         4909    i.Lpcd_Set_IE       lpcd_api.o
    0x08004560   0x08004560   0x00000014   Code   RO         4910    i.Lpcd_Set_IRQ_pin  lpcd_api.o
    0x08004574   0x08004574   0x0000002e   Code   RO         4911    i.Lpcd_Set_Mode     lpcd_api.o
    0x080045a2   0x080045a2   0x00000026   Code   RO         4912    i.Lpcd_Set_Reference  lpcd_api.o
    0x080045c8   0x080045c8   0x00000036   Code   RO         4913    i.Lpcd_Set_Threshold  lpcd_api.o
    0x080045fe   0x080045fe   0x00000002   PAD
    0x08004600   0x08004600   0x0000004c   Code   RO         4914    i.Lpcd_Set_Timer    lpcd_api.o
    0x0800464c   0x0800464c   0x00000034   Code   RO         4915    i.Lpcd_WaitFor_Irq  lpcd_api.o
    0x08004680   0x08004680   0x00000042   Code   RO         4714    i.MCU_TO_PCD_TEST   fm175xx.o
    0x080046c2   0x080046c2   0x00000002   PAD
    0x080046c4   0x080046c4   0x00000014   Code   RO         4306    i.MX_ADC_DeInit     power.o
    0x080046d8   0x080046d8   0x00000064   Code   RO         4307    i.MX_ADC_Init       power.o
    0x0800473c   0x0800473c   0x00000058   Code   RO         4370    i.MX_I2C1_Init      touch.o
    0x08004794   0x08004794   0x0000001c   Code   RO         4533    i.MX_RTC_GetHms     rtc.o
    0x080047b0   0x080047b0   0x0000001c   Code   RO         4534    i.MX_RTC_GetYmd     rtc.o
    0x080047cc   0x080047cc   0x00000030   Code   RO         4535    i.MX_RTC_Init       rtc.o
    0x080047fc   0x080047fc   0x0000006c   Code   RO         4621    i.MX_SPINfc_Init    bsp_spinfc.o
    0x08004868   0x08004868   0x0000001c   Code   RO         4536    i.MX_Set_Hms        rtc.o
    0x08004884   0x08004884   0x00000020   Code   RO         4537    i.MX_Set_Ymd        rtc.o
    0x080048a4   0x080048a4   0x00000070   Code   RO         4594    i.MX_TIM3_Init      tim.o
    0x08004914   0x08004914   0x00000030   Code   RO         5055    i.ModifyReg_Ext     lpcd_regctrl.o
    0x08004944   0x08004944   0x00000054   Code   RO         4344    i.Motor_Init        motor.o
    0x08004998   0x08004998   0x00000078   Code   RO         4345    i.Motor_OpenClose   motor.o
    0x08004a10   0x08004a10   0x00000020   Code   RO          335    i.NMI_Handler       stm32f0xx_it.o
    0x08004a30   0x08004a30   0x00000044   Code   RO         2665    i.NVIC_SetPriority  stm32f0xx_hal_cortex.o
    0x08004a74   0x08004a74   0x0000001c   Code   RO          336    i.NVIC_SystemReset  stm32f0xx_it.o
    0x08004a90   0x08004a90   0x0000003c   Code   RO         4125    i.OLED_Clear        oled.o
    0x08004acc   0x08004acc   0x0000003a   Code   RO         4126    i.OLED_DrawBMP      oled.o
    0x08004b06   0x08004b06   0x000000ec   Code   RO         4127    i.OLED_Init         oled.o
    0x08004bf2   0x08004bf2   0x00000002   PAD
    0x08004bf4   0x08004bf4   0x0000009c   Code   RO         4128    i.OLED_Power_Init   oled.o
    0x08004c90   0x08004c90   0x00000028   Code   RO         4129    i.OLED_SetPos       oled.o
    0x08004cb8   0x08004cb8   0x00000048   Code   RO         4130    i.OLED_ShowCHinese16  oled.o
    0x08004d00   0x08004d00   0x00000068   Code   RO         4132    i.OLED_ShowCHinese24  oled.o
    0x08004d68   0x08004d68   0x00000068   Code   RO         4133    i.OLED_ShowCHinese24_Fill  oled.o
    0x08004dd0   0x08004dd0   0x00000050   Code   RO         4134    i.OLED_Show_16Char  oled.o
    0x08004e20   0x08004e20   0x00000050   Code   RO         4135    i.OLED_Show_16Char_Fill  oled.o
    0x08004e70   0x08004e70   0x00000070   Code   RO         4136    i.OLED_Show_24Char  oled.o
    0x08004ee0   0x08004ee0   0x00000070   Code   RO         4137    i.OLED_Show_24Char_Fill  oled.o
    0x08004f50   0x08004f50   0x0000006c   Code   RO         4138    i.OLED_Show_Chinese_16  oled.o
    0x08004fbc   0x08004fbc   0x00000020   Code   RO         4139    i.OLED_Show_Chinese_16_Center  oled.o
    0x08004fdc   0x08004fdc   0x0000006c   Code   RO         4142    i.OLED_Show_Chinese_24  oled.o
    0x08005048   0x08005048   0x00000024   Code   RO         4143    i.OLED_Show_Chinese_24_Center  oled.o
    0x0800506c   0x0800506c   0x00000024   Code   RO         4144    i.OLED_Show_Chinese_24_Center_Fill  oled.o
    0x08005090   0x08005090   0x0000006c   Code   RO         4145    i.OLED_Show_Chinese_24_Fill  oled.o
    0x080050fc   0x080050fc   0x0000212c   Code   RO         4146    i.OLED_Show_Play    oled.o
    0x08007228   0x08007228   0x00000078   Code   RO         4147    i.OLED_WR_Byte      oled.o
    0x080072a0   0x080072a0   0x00000078   Code   RO         4148    i.OLED_WR_Byte_Fill  oled.o
    0x08007318   0x08007318   0x000001ac   Code   RO         4716    i.Pcd_Comm          fm175xx.o
    0x080074c4   0x080074c4   0x00000086   Code   RO         4717    i.Pcd_ConfigISOType  fm175xx.o
    0x0800754a   0x0800754a   0x00000002   PAD
    0x0800754c   0x0800754c   0x00000054   Code   RO         4718    i.Pcd_SetTimer      fm175xx.o
    0x080075a0   0x080075a0   0x00000024   Code   RO          337    i.PendSV_Handler    stm32f0xx_it.o
    0x080075c4   0x080075c4   0x00000028   Code   RO         5668    i.Queue_Read_Byte   system.o
    0x080075ec   0x080075ec   0x00000010   Code   RO         3240    i.RTC_Bcd2ToByte    stm32f0xx_hal_rtc.o
    0x080075fc   0x080075fc   0x00000016   Code   RO         3241    i.RTC_ByteToBcd2    stm32f0xx_hal_rtc.o
    0x08007612   0x08007612   0x00000038   Code   RO         3242    i.RTC_EnterInitMode  stm32f0xx_hal_rtc.o
    0x0800764a   0x0800764a   0x0000000c   Code   RO         4538    i.RTC_GET_Time      rtc.o
    0x08007656   0x08007656   0x0000000c   Code   RO         4720    i.Read_FIFO         fm175xx.o
    0x08007662   0x08007662   0x00000008   Code   RO         4721    i.Read_Reg          fm175xx.o
    0x0800766a   0x0800766a   0x00000002   PAD
    0x0800766c   0x0800766c   0x00000068   Code   RO         5139    i.Read_TyteA_Card   type_a.o
    0x080076d4   0x080076d4   0x00000068   Code   RO         5232    i.Read_TyteB_Card   type_b.o
    0x0800773c   0x0800773c   0x00000018   Code   RO         5140    i.RightMoveBit      type_a.o
    0x08007754   0x08007754   0x0000003a   Code   RO         5086    i.SPIRead_Sequence  nfcspi.o
    0x0800778e   0x0800778e   0x0000002c   Code   RO         5087    i.SPIWrite_Sequence  nfcspi.o
    0x080077ba   0x080077ba   0x0000004c   Code   RO         3551    i.SPI_EndRxTxTransaction  stm32f0xx_hal_spi.o
    0x08007806   0x08007806   0x00000002   PAD
    0x08007808   0x08007808   0x00000030   Code   RO         4622    i.SPI_NFC_SendByte  bsp_spinfc.o
    0x08007838   0x08007838   0x0000000a   Code   RO         5088    i.SPI_SendByte      nfcspi.o
    0x08007842   0x08007842   0x00000096   Code   RO         3556    i.SPI_WaitFifoStateUntilTimeout  stm32f0xx_hal_spi.o
    0x080078d8   0x080078d8   0x0000008c   Code   RO         3557    i.SPI_WaitFlagStateUntilTimeout  stm32f0xx_hal_spi.o
    0x08007964   0x08007964   0x00000054   Code   RO         4623    i.SPI_WakeUp        bsp_spinfc.o
    0x080079b8   0x080079b8   0x00000020   Code   RO          338    i.SVC_Handler       stm32f0xx_it.o
    0x080079d8   0x080079d8   0x0000000c   Code   RO         5569    i.Send_Get_Wifi_Risi  protocol.o
    0x080079e4   0x080079e4   0x0000000a   Code   RO         4723    i.SetReg            fm175xx.o
    0x080079ee   0x080079ee   0x00000026   Code   RO         5056    i.SetReg_Ext        lpcd_regctrl.o
    0x08007a14   0x08007a14   0x00000016   Code   RO         4724    i.Set_BitMask       fm175xx.o
    0x08007a2a   0x08007a2a   0x00000048   Code   RO         4725    i.Set_Rf            fm175xx.o
    0x08007a72   0x08007a72   0x00000002   PAD
    0x08007a74   0x08007a74   0x00000080   Code   RO         4149    i.Show_Baterry      oled.o
    0x08007af4   0x08007af4   0x00000040   Code   RO         4150    i.Show_Wifi_Risi    oled.o
    0x08007b34   0x08007b34   0x00000008   Code   RO          339    i.SysTick_Handler   stm32f0xx_it.o
    0x08007b3c   0x08007b3c   0x00000048   Code   RO         4441    i.Sys_Pick_Proof    sys.o
    0x08007b84   0x08007b84   0x00000084   Code   RO           15    i.SystemClock_Config  main.o
    0x08007c08   0x08007c08   0x0000005c   Code   RO         3846    i.SystemInit        system_stm32f0xx.o
    0x08007c64   0x08007c64   0x00000010   Code   RO          340    i.TIM3_IRQHandler   stm32f0xx_it.o
    0x08007c74   0x08007c74   0x00000088   Code   RO          621    i.TIM_Base_SetConfig  stm32f0xx_hal_tim.o
    0x08007cfc   0x08007cfc   0x00000016   Code   RO          628    i.TIM_ETR_SetConfig  stm32f0xx_hal_tim.o
    0x08007d12   0x08007d12   0x00000010   Code   RO          629    i.TIM_ITRx_SetConfig  stm32f0xx_hal_tim.o
    0x08007d22   0x08007d22   0x00000022   Code   RO          635    i.TIM_TI1_ConfigInputStage  stm32f0xx_hal_tim.o
    0x08007d44   0x08007d44   0x00000026   Code   RO          637    i.TIM_TI2_ConfigInputStage  stm32f0xx_hal_tim.o
    0x08007d6a   0x08007d6a   0x00000002   PAD
    0x08007d6c   0x08007d6c   0x000000e0   Code   RO         4477    i.TUYA_WiFi_Zone_Page  flash.o
    0x08007e4c   0x08007e4c   0x00000020   Code   RO         4372    i.Touch_DeInit      touch.o
    0x08007e6c   0x08007e6c   0x0000000c   Code   RO         4373    i.Touch_Init        touch.o
    0x08007e78   0x08007e78   0x000000dc   Code   RO         4374    i.Touch_Inter_Init  touch.o
    0x08007f54   0x08007f54   0x00000034   Code   RO         4375    i.Touch_ReadByte    touch.o
    0x08007f88   0x08007f88   0x0000009c   Code   RO         4376    i.Touch_ReadKey     touch.o
    0x08008024   0x08008024   0x00000024   Code   RO         4377    i.Touch_WriteData   touch.o
    0x08008048   0x08008048   0x000000cc   Code   RO         5141    i.TypeA_Anticollision  type_a.o
    0x08008114   0x08008114   0x000000c8   Code   RO         5142    i.TypeA_CardActive  type_a.o
    0x080081dc   0x080081dc   0x00000066   Code   RO         5144    i.TypeA_Request     type_a.o
    0x08008242   0x08008242   0x0000007e   Code   RO         5145    i.TypeA_Select      type_a.o
    0x080082c0   0x080082c0   0x000000ac   Code   RO         5146    i.TypeA_Set_BitFraming  type_a.o
    0x0800836c   0x0800836c   0x0000002e   Code   RO         5233    i.TypeB_GetUID      type_b.o
    0x0800839a   0x0800839a   0x0000004c   Code   RO         5236    i.TypeB_Select      type_b.o
    0x080083e6   0x080083e6   0x0000003e   Code   RO         5237    i.TypeB_WUP         type_b.o
    0x08008424   0x08008424   0x000000ca   Code   RO         1446    i.UART_AdvFeatureConfig  stm32f0xx_hal_uart.o
    0x080084ee   0x080084ee   0x00000012   Code   RO         1447    i.UART_CheckIdleState  stm32f0xx_hal_uart.o
    0x08008500   0x08008500   0x00000014   Code   RO         1448    i.UART_DMAAbortOnError  stm32f0xx_hal_uart.o
    0x08008514   0x08008514   0x0000001e   Code   RO         1458    i.UART_EndRxTransfer  stm32f0xx_hal_uart.o
    0x08008532   0x08008532   0x0000001a   Code   RO         1459    i.UART_EndTransmit_IT  stm32f0xx_hal_uart.o
    0x0800854c   0x0800854c   0x0000007a   Code   RO         1461    i.UART_Receive_IT   stm32f0xx_hal_uart.o
    0x080085c6   0x080085c6   0x00000002   PAD
    0x080085c8   0x080085c8   0x00000130   Code   RO         1462    i.UART_SetConfig    stm32f0xx_hal_uart.o
    0x080086f8   0x080086f8   0x00000066   Code   RO         1463    i.UART_Transmit_IT  stm32f0xx_hal_uart.o
    0x0800875e   0x0800875e   0x00000062   Code   RO         1464    i.UART_WaitOnFlagUntilTimeout  stm32f0xx_hal_uart.o
    0x080087c0   0x080087c0   0x00000010   Code   RO          341    i.USART1_IRQHandler  stm32f0xx_it.o
    0x080087d0   0x080087d0   0x00000010   Code   RO          342    i.USART2_IRQHandler  stm32f0xx_it.o
    0x080087e0   0x080087e0   0x000000a0   Code   RO           16    i.Verity_TemPwd     main.o
    0x08008880   0x08008880   0x00000068   Code   RO         4670    i.WIFI_Init         wifiinit.o
    0x080088e8   0x080088e8   0x00000034   Code   RO         4671    i.WIFI_Power_Init   wifiinit.o
    0x0800891c   0x0800891c   0x00000064   Code   RO         4092    i.WTN6_Gpio_Init    voice.o
    0x08008980   0x08008980   0x00000014   Code   RO         4093    i.WTN6_Play         voice.o
    0x08008994   0x08008994   0x00000078   Code   RO         4094    i.WTN6_Send_Data    voice.o
    0x08008a0c   0x08008a0c   0x0000000c   Code   RO         4727    i.Write_FIFO        fm175xx.o
    0x08008a18   0x08008a18   0x0000000a   Code   RO         4728    i.Write_Reg         fm175xx.o
    0x08008a22   0x08008a22   0x00000002   PAD
    0x08008a24   0x08008a24   0x00000020   Code   RO         5891    i.__0printf$5       mc_p.l(printf5.o)
    0x08008a44   0x08008a44   0x00000028   Code   RO         5893    i.__0sprintf$5      mc_p.l(printf5.o)
    0x08008a6c   0x08008a6c   0x0000001a   Code   RO         1166    i.__ARM_common_switch8  stm32f0xx_hal_tim.o
    0x08008a86   0x08008a86   0x0000000e   Code   RO         6063    i.__scatterload_copy  mc_p.l(handlers.o)
    0x08008a94   0x08008a94   0x00000002   Code   RO         6064    i.__scatterload_null  mc_p.l(handlers.o)
    0x08008a96   0x08008a96   0x0000000e   Code   RO         6065    i.__scatterload_zeroinit  mc_p.l(handlers.o)
    0x08008aa4   0x08008aa4   0x000002d4   Code   RO         5898    i._printf_core      mc_p.l(printf5.o)
    0x08008d78   0x08008d78   0x0000000a   Code   RO         5900    i._sputc            mc_p.l(printf5.o)
    0x08008d82   0x08008d82   0x00000002   PAD
    0x08008d84   0x08008d84   0x00000440   Code   RO         5669    i.data_handle       system.o
    0x080091c4   0x080091c4   0x00000044   Code   RO         3886    i.delay_init        delay.o
    0x08009208   0x08009208   0x0000000e   Code   RO         3887    i.delay_ms          delay.o
    0x08009216   0x08009216   0x00000002   PAD
    0x08009218   0x08009218   0x00000034   Code   RO         3888    i.delay_us          delay.o
    0x0800924c   0x0800924c   0x00000020   Code   RO         5571    i.dp_download_handle  protocol.o
    0x0800926c   0x0800926c   0x00000120   Code   RO         5572    i.dp_download_reply_unlock_request_handle  protocol.o
    0x0800938c   0x0800938c   0x00000058   Code   RO         5294    i.dynamic_pass_check  lock_api.o
    0x080093e4   0x080093e4   0x000000bc   Code   RO           17    i.encrytime_func    main.o
    0x080094a0   0x080094a0   0x000000f0   Code   RO         3962    i.fingerService     finger.o
    0x08009590   0x08009590   0x00000070   Code   RO         3963    i.finger_for_add    finger.o
    0x08009600   0x08009600   0x0000003c   Code   RO         3964    i.finger_for_delete  finger.o
    0x0800963c   0x0800963c   0x00000020   Code   RO         3965    i.finger_for_factory  finger.o
    0x0800965c   0x0800965c   0x0000032c   Code   RO         3966    i.finger_for_vertiy  finger.o
    0x08009988   0x08009988   0x00000018   Code   RO         3967    i.finger_get_info   finger.o
    0x080099a0   0x080099a0   0x00000002   Code   RO           18    i.fputc             main.o
    0x080099a2   0x080099a2   0x0000001c   Code   RO         5670    i.get_check_sum     system.o
    0x080099be   0x080099be   0x00000004   Code   RO         5573    i.get_download_cmd_total  protocol.o
    0x080099c2   0x080099c2   0x00000002   PAD
    0x080099c4   0x080099c4   0x00000018   Code   RO         5672    i.get_queue_total_data  system.o
    0x080099dc   0x080099dc   0x00002720   Code   RO           19    i.main              main.o
    0x0800c0fc   0x0800c0fc   0x00000044   Code   RO         5374    i.mcu_dp_bool_update  mcu_api.o
    0x0800c140   0x0800c140   0x0000003c   Code   RO         5375    i.mcu_dp_enum_update  mcu_api.o
    0x0800c17c   0x0800c17c   0x00000040   Code   RO         5377    i.mcu_dp_raw_update  mcu_api.o
    0x0800c1bc   0x0800c1bc   0x000000ac   Code   RO         5379    i.mcu_dp_value_update  mcu_api.o
    0x0800c268   0x0800c268   0x00000004   Code   RO         5574    i.mcu_firm_update_handle  protocol.o
    0x0800c26c   0x0800c26c   0x00000004   Code   RO         5380    i.mcu_get_dp_download_bool  mcu_api.o
    0x0800c270   0x0800c270   0x0000000c   Code   RO         5295    i.mcu_get_mul_temp_pass  lock_api.o
    0x0800c27c   0x0800c27c   0x0000000c   Code   RO         5385    i.mcu_get_system_time  mcu_api.o
    0x0800c288   0x0800c288   0x00000018   Code   RO         5388    i.mcu_reset_wifi    mcu_api.o
    0x0800c2a0   0x0800c2a0   0x0000001c   Code   RO         5389    i.mcu_set_wifi_mode  mcu_api.o
    0x0800c2bc   0x0800c2bc   0x00000002   Code   RO         5575    i.mcu_update_handle  protocol.o
    0x0800c2be   0x0800c2be   0x00000002   Code   RO         5577    i.mcu_write_gltime  protocol.o
    0x0800c2c0   0x0800c2c0   0x0000008c   Code   RO         5578    i.mcu_write_rtctime  protocol.o
    0x0800c34c   0x0800c34c   0x000001a0   Code   RO         5298    i.mul_temp_pass_data  lock_api.o
    0x0800c4ec   0x0800c4ec   0x000001e8   Code   RO         5299    i.mul_temp_pass_handle  lock_api.o
    0x0800c6d4   0x0800c6d4   0x00000040   Code   RO         5391    i.my_memcpy         mcu_api.o
    0x0800c714   0x0800c714   0x00000016   Code   RO         5395    i.my_strlen         mcu_api.o
    0x0800c72a   0x0800c72a   0x00000002   PAD
    0x0800c72c   0x0800c72c   0x00000048   Code   RO         4624    i.nfc_interrupt_init  bsp_spinfc.o
    0x0800c774   0x0800c774   0x00000128   Code   RO         5300    i.pass_check_handle  lock_api.o
    0x0800c89c   0x0800c89c   0x00000028   Code   RO         4729    i.pcd_RST           fm175xx.o
    0x0800c8c4   0x0800c8c4   0x00000104   Code   RO         5673    i.product_info_update  system.o
    0x0800c9c8   0x0800c9c8   0x00000014   Code   RO         5301    i.schedule_temp_pass_data  lock_api.o
    0x0800c9dc   0x0800c9dc   0x00000082   Code   RO         5302    i.schedule_temp_pass_handle  lock_api.o
    0x0800ca5e   0x0800ca5e   0x00000002   PAD
    0x0800ca60   0x0800ca60   0x0000001c   Code   RO         5674    i.set_wifi_uart_buffer  system.o
    0x0800ca7c   0x0800ca7c   0x00000010   Code   RO         5675    i.set_wifi_uart_byte  system.o
    0x0800ca8c   0x0800ca8c   0x0000003c   Code   RO         5089    i.spi_GetReg        nfcspi.o
    0x0800cac8   0x0800cac8   0x00000040   Code   RO         5090    i.spi_GetReg2       nfcspi.o
    0x0800cb08   0x0800cb08   0x0000003c   Code   RO         5091    i.spi_SetReg        nfcspi.o
    0x0800cb44   0x0800cb44   0x00000002   Code   RO         5303    i.temp_pass_handle  lock_api.o
    0x0800cb46   0x0800cb46   0x00000002   PAD
    0x0800cb48   0x0800cb48   0x0000003c   Code   RO         5396    i.uart_receive_input  mcu_api.o
    0x0800cb84   0x0800cb84   0x00000014   Code   RO         5579    i.uart_transmit_output  protocol.o
    0x0800cb98   0x0800cb98   0x0000002c   Code   RO         5397    i.wifi_protocol_init  mcu_api.o
    0x0800cbc4   0x0800cbc4   0x00000002   Code   RO         5580    i.wifi_test_result  protocol.o
    0x0800cbc6   0x0800cbc6   0x00000002   PAD
    0x0800cbc8   0x0800cbc8   0x000000f4   Code   RO         5398    i.wifi_uart_service  mcu_api.o
    0x0800ccbc   0x0800ccbc   0x0000008c   Code   RO         5676    i.wifi_uart_write_frame  system.o
    0x0800cd48   0x0800cd48   0x00000002   Code   RO         5581    i.wifi_update_handle  protocol.o
    0x0800cd4a   0x0800cd4a   0x00000010   Data   RO         3847    .constdata          system_stm32f0xx.o
    0x0800cd5a   0x0800cd5a   0x00000008   Data   RO         3848    .constdata          system_stm32f0xx.o
    0x0800cd62   0x0800cd62   0x00002120   Data   RO         4151    .constdata          oled.o
    0x0800ee82   0x0800ee82   0x00000019   Data   RO         4917    .constdata          lpcd_api.o
    0x0800ee9b   0x0800ee9b   0x0000001e   Data   RO         5582    .constdata          protocol.o
    0x0800eeb9   0x0800eeb9   0x00000003   PAD
    0x0800eebc   0x0800eebc   0x00000094   Data   RO           21    .conststring        main.o
    0x0800ef50   0x0800ef50   0x00000020   Data   RO         6061    Region$$Table       anon$$obj.o


    Execution Region RW_IRAM1 (Exec base: 0x20000000, Load base: 0x0800ef70, Size: 0x00001b20, Max: 0x00002000, ABSOLUTE, COMPRESSED[0x00000250])

    Exec Addr    Load Addr    Size         Type   Attr      Idx    E Section Name        Object

    0x20000000   COMPRESSED   0x00000002   Data   RW           22    .data               main.o
    0x20000002   COMPRESSED   0x00000003   Data   RW          344    .data               stm32f0xx_it.o
    0x20000005   COMPRESSED   0x00000003   PAD
    0x20000008   COMPRESSED   0x00000004   Data   RW         1916    .data               stm32f0xx_hal.o
    0x2000000c   COMPRESSED   0x00000004   Data   RW         3849    .data               system_stm32f0xx.o
    0x20000010   COMPRESSED   0x00000008   Data   RW         3889    .data               delay.o
    0x20000018   COMPRESSED   0x00000010   Data   RW         3969    .data               finger.o
    0x20000028   COMPRESSED   0x000006f1   Data   RW         4152    .data               oled.o
    0x20000719   COMPRESSED   0x00000001   Data   RW         4379    .data               touch.o
    0x2000071a   COMPRESSED   0x00000004   Data   RW         4540    .data               rtc.o
    0x2000071e   COMPRESSED   0x00000001   Data   RW         4730    .data               fm175xx.o
    0x2000071f   COMPRESSED   0x00000008   Data   RW         4731    .data               fm175xx.o
    0x20000727   COMPRESSED   0x00000001   Data   RW         4919    .data               lpcd_api.o
    0x20000728   COMPRESSED   0x00000002   Data   RW         5400    .data               mcu_api.o
    0x2000072a   COMPRESSED   0x00000002   PAD
    0x2000072c   COMPRESSED   0x00000014   Data   RW         5678    .data               system.o
    0x20000740   COMPRESSED   0x00000004   Data   RW         6037    .data               mc_p.l(stdout.o)
    0x20000744        -       0x000000c8   Zero   RW           20    .bss                main.o
    0x2000080c   COMPRESSED   0x00000004   PAD
    0x20000810        -       0x00000020   Zero   RW         2861    .bss                stm32f0xx_hal_flash.o
    0x20000830        -       0x0000027d   Zero   RW         3968    .bss                finger.o
    0x20000aad   COMPRESSED   0x00000003   PAD
    0x20000ab0        -       0x0000004c   Zero   RW         4309    .bss                power.o
    0x20000afc        -       0x0000004c   Zero   RW         4378    .bss                touch.o
    0x20000b48        -       0x00000886   Zero   RW         4478    .bss                flash.o
    0x200013ce   COMPRESSED   0x00000002   PAD
    0x200013d0        -       0x00000034   Zero   RW         4539    .bss                rtc.o
    0x20001404        -       0x00000040   Zero   RW         4595    .bss                tim.o
    0x20001444        -       0x00000064   Zero   RW         4625    .bss                bsp_spinfc.o
    0x200014a8        -       0x00000070   Zero   RW         4672    .bss                wifiinit.o
    0x20001518        -       0x00000014   Zero   RW         4916    .bss                lpcd_api.o
    0x2000152c        -       0x000001f1   Zero   RW         5677    .bss                system.o
    0x2000171d   COMPRESSED   0x00000003   PAD
    0x20001720        -       0x00000400   Zero   RW         3877    STACK               startup_stm32f030x8.o


==============================================================================

Image component sizes


      Code (inc. data)   RO Data    RW Data    ZI Data      Debug   Object Name

       352         48          0          0        100       3052   bsp_spinfc.o
       134         24          0          8          0       1683   delay.o
      2356        438          0         16        637      14143   finger.o
       558         54          0          0       2182       5492   flash.o
      1226         34          0          9          0      12293   fm175xx.o
        88         12          0          0          0       1243   led.o
      1452        318          0          0          0       6528   lock_api.o
      1292         92         25          1         20      13191   lpcd_api.o
       132          0          0          0          0       2190   lpcd_regctrl.o
     11896       2162        148          2        200     326454   main.o
       866        110          0          2          0       7784   mcu_api.o
       204         12          0          0          0       1751   motor.o
       296         10          0          0          0       4058   nfcspi.o
     10566        980       8480       1777          0      21940   oled.o
       212         32          0          0         76       2026   power.o
       580        196         30          0          0       6697   protocol.o
       368         68          0          4         52       4129   rtc.o
        28          8        180          0       1024        564   startup_stm32f030x8.o
        94         18          0          4          0       2867   stm32f0xx_hal.o
      1474         56          0          0          0       8777   stm32f0xx_hal_adc.o
       188         34          0          0          0       9889   stm32f0xx_hal_cortex.o
       174         10          0          0          0       2128   stm32f0xx_hal_dma.o
       352         56          0          0         32       4470   stm32f0xx_hal_flash.o
       232         30          0          0          0       2937   stm32f0xx_hal_flash_ex.o
       562         46          0          0          0       3537   stm32f0xx_hal_gpio.o
      1778         40          0          0          0      13595   stm32f0xx_hal_i2c.o
       146          0          0          0          0       1799   stm32f0xx_hal_i2c_ex.o
       968        210          0          0          0       6114   stm32f0xx_hal_msp.o
        68         12          0          0          0       1071   stm32f0xx_hal_pwr.o
      1316         94          0          0          0       4813   stm32f0xx_hal_rcc.o
       232         14          0          0          0       1296   stm32f0xx_hal_rcc_ex.o
       914         22          0          0          0       6828   stm32f0xx_hal_rtc.o
      1134          0          0          0          0       5581   stm32f0xx_hal_spi.o
      1042         32          0          0          0      10102   stm32f0xx_hal_tim.o
        76          0          0          0          0       2178   stm32f0xx_hal_tim_ex.o
      1706         32          0          0          0      11374   stm32f0xx_hal_uart.o
      1288        484          0          3          0      14063   stm32f0xx_it.o
       400         48          0          0          0       2014   sys.o
      1624        454          0         20        497       8196   system.o
        92         14         24          4          0       1039   system_stm32f0xx.o
       112         16          0          0         64        743   tim.o
       596         44          0          1         76       4354   touch.o
      1096         22          0          0          0       7602   type_a.o
       296          4          0          0          0       3399   type_b.o
       240         18          0          0          0       2206   voice.o
       156         18          0          0        112       1451   wifiinit.o

    ----------------------------------------------------------------------
     51030       6426       8922       1856       5084     579641   Object Totals
         0          0         32          0          0          0   (incl. Generated)
        68          0          3          5         12          0   (incl. Padding)

    ----------------------------------------------------------------------

      Code (inc. data)   RO Data    RW Data    ZI Data      Debug   Library Member Name

        86          0          0          0          0          0   __dczerorl2.o
         0          0          0          0          0          0   entry.o
         0          0          0          0          0          0   entry10a.o
         0          0          0          0          0          0   entry11a.o
         4          0          0          0          0          0   entry12b.o
         8          4          0          0          0          0   entry2.o
         4          0          0          0          0          0   entry5.o
         0          0          0          0          0          0   entry7b.o
         0          0          0          0          0          0   entry8b.o
         8          4          0          0          0          0   entry9a.o
        30          0          0          0          0          0   handlers.o
        40          0          0          0          0         72   idiv.o
        36          8          0          0          0         68   init.o
        32          0          0          0          0         68   llshl.o
        34          0          0          0          0         68   llushr.o
        36          0          0          0          0         60   memcpya.o
        36          0          0          0          0        100   memseta.o
       806         56          0          0          0        312   printf5.o
         0          0          0          4          0          0   stdout.o
        28          0          0          0          0         68   strcmp.o
        14          0          0          0          0         60   strlen.o
        44          0          0          0          0         72   uidiv.o
        96          0          0          0          0         84   uldiv.o

    ----------------------------------------------------------------------
      1344         72          0          4          0       1032   Library Totals
         2          0          0          0          0          0   (incl. Padding)

    ----------------------------------------------------------------------

      Code (inc. data)   RO Data    RW Data    ZI Data      Debug   Library Name

      1342         72          0          4          0       1032   mc_p.l

    ----------------------------------------------------------------------
      1344         72          0          4          0       1032   Library Totals

    ----------------------------------------------------------------------

==============================================================================


      Code (inc. data)   RO Data    RW Data    ZI Data      Debug   

     52374       6498       8922       1860       5084     565321   Grand Totals
     52374       6498       8922        592       5084     565321   ELF Image Totals (compressed)
     52374       6498       8922        592          0          0   ROM Totals

==============================================================================

    Total RO  Size (Code + RO Data)                61296 (  59.86kB)
    Total RW  Size (RW Data + ZI Data)              6944 (   6.78kB)
    Total ROM Size (Code + RO Data + RW Data)      61888 (  60.44kB)

==============================================================================

